[www.classcentral.com/index.html]
[backblue.gif]
[fade.gif]
[index.html]
[ccweb.imgix.net/images/meta-default6dba.png]
[www.classcentral.com/images/apple-touch-icon.png]
[www.classcentral.com/images/favicon-32x32.png]
[www.classcentral.com/images/favicon-16x16.png]
[www.classcentral.com/images/site.webmanifest]
[www.classcentral.com/images/safari-pinned-tab.svg]
[www.classcentral.com/images/opensearch.xml]
[www.classcentral.com/images/source-sans-pro-400-italic-cyrillic-ext.woff2]
[www.classcentral.com/images/source-sans-pro-400-italic-greek-ext.woff2]
[www.classcentral.com/images/source-sans-pro-400-italic-greek.woff2]
[www.classcentral.com/images/source-sans-pro-400-italic-vietnamese.woff2]
[www.classcentral.com/images/source-sans-pro-400-italic-latin-ext.woff2]
[www.classcentral.com/images/source-sans-pro-400-italic-latin.woff2]
[www.classcentral.com/images/source-sans-pro-400-regular-cyrillic-ext.woff2]
[www.classcentral.com/images/source-sans-pro-400-regular-cyrillic.woff2]
[www.classcentral.com/images/source-sans-pro-400-regular-greek-ext.woff2]
[www.classcentral.com/images/source-sans-pro-400-regular-greek.woff2]
[www.classcentral.com/images/source-sans-pro-400-regular-vietnamese.woff2]
[www.classcentral.com/images/source-sans-pro-400-regular-latin-ext.woff2]
[www.classcentral.com/images/source-sans-pro-400-regular-latin.woff2]
[www.classcentral.com/images/source-sans-pro-600-semibold-cyrillic-ext.woff2]
[www.classcentral.com/images/source-sans-pro-600-semibold-cyrillic.woff2]
[www.classcentral.com/images/source-sans-pro-600-semibold-greek-ext.woff2]
[www.classcentral.com/images/source-sans-pro-600-semibold-greek.woff2]
[www.classcentral.com/images/source-sans-pro-600-semibold-vietnamese.woff2]
[www.classcentral.com/images/source-sans-pro-600-semibold-latin-ext.woff2]
[www.classcentral.com/images/source-sans-pro-600-semibold-latin.woff2]
[www.classcentral.com/images/source-sans-pro-700-bold-cyrillic-ext.woff2]
[www.classcentral.com/images/source-sans-pro-700-bold-cyrillic.woff2]
[www.classcentral.com/images/source-sans-pro-700-bold-greek-ext.woff2]
[www.classcentral.com/images/source-sans-pro-700-bold-greek.woff2]
[www.classcentral.com/images/source-sans-pro-700-bold-vietnamese.woff2]
[www.classcentral.com/images/source-sans-pro-700-bold-latin-ext.woff2]
[www.classcentral.com/images/source-sans-pro-700-bold-latin.woff2]
[www.classcentral.com/images/fade-gradient.png]
[www.google-analytics.com/images/analytics.js]
[www.classcentral.com/rankings.html]
[www.classcentral.com/collections.html]
[www.classcentral.com/subjects.html]
[www.classcentral.com/cs.html]
[www.classcentral.com/health.html]
[www.classcentral.com/maths.html]
[www.classcentral.com/engineering.html]
[www.classcentral.com/social-sciences.html]
[www.classcentral.com/data-science.html]
[www.classcentral.com/infosec.html]
[www.classcentral.com/universities.html]
[www.classcentral.com/top-free-online-courses.html]
[ccweb.imgix.net/images/mini-banner-best-of-all-time3e68.png]
[www.classcentral.com/index-2.html]
[ccweb.imgix.net/images/mini-banner-best-of-all-timec7ac.png]
[ccweb.imgix.net/images/mini-banner-most-popular-of-all-time0931.png]
[www.classcentral.com/index-3.html]
[ccweb.imgix.net/images/mini-banner-most-popular-of-all-time45d9.png]
[ccweb.imgix.net/images/collection-ivy-league-moocs-social5b92.jpg]
[www.classcentral.com/ivy-league-moocs.html]
[www.classcentral.com/index-4.html]
[www.classcentral.com/index-5.html]
[www.classcentral.com/index-6.html]
[www.classcentral.com/index-7.html]
[ccweb.imgix.net/images/collection-ivy-league-moocs-social1fe9.jpg]
[ccweb.imgix.net/images/collection-coursera-free-coursesd038.png]
[www.classcentral.com/index-8.html]
[ccweb.imgix.net/images/collection-coursera-free-courses08e8.png]
[ccweb.imgix.net/images/collection-free-certificates7462.png]
[ccweb.imgix.net/images/collection-free-certificatesbc95.png]
[www.classcentral.com/index-9.html]
[ccweb.imgix.net/images/collection-google-certsa0be.png]
[www.classcentral.com/index-10.html]
[ccweb.imgix.net/images/collection-google-certsc6f1.png]
[www.classcentral.com/starting-this-month.html]
[www.classcentral.com/february-2023.html]
[www.classcentral.com/ai.html]
[www.classcentral.com/index-11.html]
[www.classcentral.com/algorithms-and-data-structures.html]
[www.classcentral.com/internet-of-things.html]
[www.classcentral.com/cryptography.html]
[www.classcentral.com/quantum-computing.html]
[www.classcentral.com/hci.html]
[www.classcentral.com/distributed-systems.html]
[www.classcentral.com/computer-graphics.html]
[www.classcentral.com/public-health.html]
[www.classcentral.com/nursing.html]
[www.classcentral.com/cme.html]
[www.classcentral.com/statistics.html]
[www.classcentral.com/discrete-mathematics.html]
[www.classcentral.com/calculus.html]
[www.classcentral.com/trigonometry.html]
[www.classcentral.com/geometry.html]
[www.classcentral.com/algebra.html]
[www.classcentral.com/number-theory.html]
[www.classcentral.com/linear-programming.html]
[www.classcentral.com/management-and-leadership.html]
[www.classcentral.com/entrepreneurship.html]
[www.classcentral.com/marketing.html]
[www.classcentral.com/business-intelligence.html]
[www.classcentral.com/project-management.html]
[www.classcentral.com/sales.html]
[www.classcentral.com/business-software.html]
[www.classcentral.com/risk-management.html]
[www.classcentral.com/nonprofit.html]
[www.classcentral.com/operations-management.html]
[www.classcentral.com/history.html]
[www.classcentral.com/grammar-writing.html]
[www.classcentral.com/religion.html]
[www.classcentral.com/culture.html]
[www.classcentral.com/ethics.html]
[www.classcentral.com/linguistics.html]
[www.classcentral.com/crisis-management.html]
[www.classcentral.com/civil-engineering.html]
[www.classcentral.com/robotics.html]
[www.classcentral.com/textiles.html]
[www.classcentral.com/cad.html]
[www.classcentral.com/chemical-engineering.html]
[www.classcentral.com/energy-systems.html]
[www.classcentral.com/physics.html]
[www.classcentral.com/biology.html]
[www.classcentral.com/agriculture.html]
[www.classcentral.com/applied-science.html]
[www.classcentral.com/k12.html]
[www.classcentral.com/teacher-development.html]
[www.classcentral.com/online-education.html]
[www.classcentral.com/test-prep.html]
[www.classcentral.com/psychology.html]
[www.classcentral.com/anthropology.html]
[www.classcentral.com/urban-planning.html]
[www.classcentral.com/governance.html]
[www.classcentral.com/childhood-development.html]
[www.classcentral.com/digital-media.html]
[www.classcentral.com/design-and-creativity.html]
[www.classcentral.com/data-mining.html]
[www.classcentral.com/data-visualization.html]
[www.classcentral.com/web-development.html]
[www.classcentral.com/programming-languages.html]
[www.classcentral.com/software-development.html]
[www.classcentral.com/career-development.html]
[www.classcentral.com/self-improvement.html]
[www.classcentral.com/network-security.html]
[www.classcentral.com/digital-forensics.html]
[www.classcentral.com/malware-analysis.html]
[www.classcentral.com/threat-intelligence.html]
[www.classcentral.com/infosec-certifications.html]
[www.classcentral.com/index-12.html]
[ccweb.imgix.net/images/2022-year-in-review-bannera34a.png]
[www.classcentral.com/index-13.html]
[www.classcentral.com/index-15.html]
[ccweb.imgix.net/images/list-empty6407.png]
[www.classcentral.com/index-14.html]
[www.classcentral.com/index-16.html]
[www.classcentral.com/index-17.html]
[www.classcentral.com/lists.html]
[www.classcentral.com/signup.html]
[ccweb.imgix.net/images/learning-illustration-holib828.png]
[www.classcentral.com/login.html]
[www.classcentral.com/digital-marketing.html]
[www.classcentral.com/it-certifications.html]
[www.classcentral.com/modelthinking-317.html]
[ccweb.imgix.net/images/icon-free-certificates1174.png]
[ccweb.imgix.net/images/icon-ivy-league6438.png]
[ccweb.imgix.net/images/stanford-trn-sq17f6.png]
[www.classcentral.com/stanford.html]
[ccweb.imgix.net/images/icon-best-all-time6b4b.png]
[ccweb.imgix.net/images/icon-csaed6.png]
[ccweb.imgix.net/images/icon-sustainability9a1a.png]
[www.classcentral.com/sustainability-online-courses.html]
[ccweb.imgix.net/images/mit-trn-sqf645.png]
[www.classcentral.com/mit.html]
[ccweb.imgix.net/images/google-trn-sqffa8.png]
[www.classcentral.com/google.html]
[www.classcentral.com/amazon.html]
[ccweb.imgix.net/images/amazon-trn-sqc0bb.png]
[ccweb.imgix.net/images/icon-business39ff.png]
[ccweb.imgix.net/images/deale4ca.svg]
[ccweb.imgix.net/images/homepage-discover-0149dd.png]
[www.classcentral.com/index-18.html]
[www.classcentral.com/index-19.html]
[ccweb.imgix.net/images/harvard24a9.png]
[www.classcentral.com/harvard.html]
[ccweb.imgix.net/images/harvard12fb.png]
[ccweb.imgix.net/images/stanford5813.png]
[ccweb.imgix.net/images/stanford692f.png]
[www.classcentral.com/iit-kharagpur.html]
[ccweb.imgix.net/images/iit-kharagpurbad5.png]
[ccweb.imgix.net/images/iit-kharagpur3e7e.png]
[ccweb.imgix.net/images/mit7179.png]
[ccweb.imgix.net/images/mit6803.png]
[www.classcentral.com/rice.html]
[ccweb.imgix.net/images/ricec4e3.png]
[ccweb.imgix.net/images/ricecc22.png]
[www.classcentral.com/iitm.html]
[ccweb.imgix.net/images/iitm5204.png]
[ccweb.imgix.net/images/iitm3280.png]
[ccweb.imgix.net/images/columbia9b1a.png]
[www.classcentral.com/columbia.html]
[ccweb.imgix.net/images/columbia3755.png]
[www.classcentral.com/cornell.html]
[ccweb.imgix.net/images/cornella27f.png]
[ccweb.imgix.net/images/cornell9c0f.png]
[ccweb.imgix.net/images/edinburgh47df.png]
[www.classcentral.com/edinburgh.html]
[ccweb.imgix.net/images/edinburgh3216.png]
[www.classcentral.com/purdue.html]
[ccweb.imgix.net/images/purdue21f6.png]
[ccweb.imgix.net/images/purdue39cf.png]
[ccweb.imgix.net/images/pennab51.png]
[www.classcentral.com/penn.html]
[ccweb.imgix.net/images/penn0cdc.png]
[ccweb.imgix.net/images/dukedf08.png]
[www.classcentral.com/duke.html]
[ccweb.imgix.net/images/dukebf93.png]
[www.classcentral.com/umich.html]
[ccweb.imgix.net/images/umichb05a.png]
[ccweb.imgix.net/images/umich1bfb.png]
[www.classcentral.com/coursera.html]
[ccweb.imgix.net/images/coursera-trn-sqc43d.png]
[ccweb.imgix.net/images/coursera-trn-sqf873.png]
[www.classcentral.com/edx.html]
[ccweb.imgix.net/images/edx-trn-sq7d7a.png]
[ccweb.imgix.net/images/edx-trn-sqe227.png]
[www.classcentral.com/futurelearn.html]
[ccweb.imgix.net/images/futurelearn-trn-sq1970.png]
[ccweb.imgix.net/images/futurelearn-trn-sqc75e.png]
[www.classcentral.com/udemy.html]
[ccweb.imgix.net/images/udemy-trn-sqd9e7.png]
[ccweb.imgix.net/images/udemy-trn-sq6b36.png]
[www.classcentral.com/swayam.html]
[ccweb.imgix.net/images/swayam-trn-sqb82e.png]
[ccweb.imgix.net/images/swayam-trn-sq20ea.png]
[ccweb.imgix.net/images/linkedin-learning-trn-sq6510.png]
[www.classcentral.com/linkedin-learning.html]
[ccweb.imgix.net/images/linkedin-learning-trn-sq8c39.png]
[www.classcentral.com/skillshare.html]
[ccweb.imgix.net/images/skillshare-trn-sqad55.png]
[ccweb.imgix.net/images/skillshare-trn-sq9645.png]
[www.classcentral.com/providers.html]
[ccweb.imgix.net/images/google26e5.png]
[ccweb.imgix.net/images/googlec927.png]
[ccweb.imgix.net/images/amazon11a8.png]
[ccweb.imgix.net/images/amazonbfc4.png]
[www.classcentral.com/microsoft.html]
[ccweb.imgix.net/images/microsoftca5a.png]
[ccweb.imgix.net/images/microsofte4df.png]
[ccweb.imgix.net/images/ibm7639.png]
[www.classcentral.com/ibm.html]
[ccweb.imgix.net/images/ibmb3ff.png]
[ccweb.imgix.net/images/smithsonian0cee.png]
[www.classcentral.com/smithsonian.html]
[ccweb.imgix.net/images/smithsonian8661.png]
[ccweb.imgix.net/images/united-nationsaaac.png]
[ccweb.imgix.net/images/united-nationsa2cd.png]
[www.classcentral.com/british-council.html]
[ccweb.imgix.net/images/british-councilbe04.png]
[ccweb.imgix.net/images/british-council9165.png]
[ccweb.imgix.net/images/mini-banner-best-of-all-time992b.png]
[www.classcentral.com/institutions.html]
[ccweb.imgix.net/images/mini-banner-best-of-all-time5fef.png]
[ccweb.imgix.net/images/mini-banner-best-of-2022a427.png]
[ccweb.imgix.net/images/mini-banner-best-of-20226fc4.png]
[ccweb.imgix.net/images/screenshot-2023-03-05-at-21-13-24-masterclass-online-classes2681.jpg]
[ccweb.imgix.net/images/screenshot-2023-03-05-at-21-13-24-masterclass-online-classes294a.jpg]
[www.classcentral.com/index-20.html]
[ccweb.imgix.net/images/digital-art-bcg-bannerdad3.png]
[www.classcentral.com/index-21.html]
[www.classcentral.com/index-22.html]
[www.classcentral.com/index-24.html]
[www.classcentral.com/index-23.html]
[www.classcentral.com/index-25.html]
[www.classcentral.com/index-27.html]
[www.classcentral.com/index-26.html]
[ccweb.imgix.net/images/digital-art-bcg-bannere69e.png]
[www.classcentral.com/index-30.html]
[www.classcentral.com/index-29.html]
[www.classcentral.com/index-28.html]
[www.classcentral.com/index-31.html]
[ccweb.imgix.net/images/elm-bcg-banner67b1.png]
[www.classcentral.com/index-33.html]
[www.classcentral.com/index-32.html]
[ccweb.imgix.net/images/elm-bcg-banner7374.png]
[www.classcentral.com/index-34.html]
[ccweb.imgix.net/images/resume-writing-bcg-banner6802.png]
[ccweb.imgix.net/images/resume-writing-bcg-bannera1ce.png]
[ccweb.imgix.net/images/ocaml-bcg-bannerefde.png]
[ccweb.imgix.net/images/ocaml-bcg-banner74c2.png]
[www.classcentral.com/index-35.html]
[ccweb.imgix.net/images/davinci-resolve-bcg-bannerb69f.png]
[ccweb.imgix.net/images/davinci-resolve-bcg-bannera890.png]
[www.classcentral.com/index-36.html]
[ccweb.imgix.net/images/collections-udemy-top-coursesa8d4.png]
[ccweb.imgix.net/images/collections-udemy-top-coursesb42d.png]
[ccweb.imgix.net/images/collection-india-ugc-approved-online-degrees7238.png]
[www.classcentral.com/index-37.html]
[ccweb.imgix.net/images/collection-india-ugc-approved-online-degrees058b.png]
[www.classcentral.com/index-38.html]
[ccweb.imgix.net/images/collection-earn-a-masters-degree-social3f9b.png]
[ccweb.imgix.net/images/collection-earn-a-masters-degree-sociald381.png]
[ccweb.imgix.net/images/collection-microcredentials-socialc08f.png]
[www.classcentral.com/index-39.html]
[ccweb.imgix.net/images/collection-microcredentials-social5dfd.png]
[www.classcentral.com/index-40.html]
[ccweb.imgix.net/images/collection-ivy-league-moocs-social9f0a.jpg]
[ccweb.imgix.net/images/collection-ivy-league-moocs-sociale573.jpg]
[ccweb.imgix.net/images/collection-most-popular-all-time-social611f.png]
[ccweb.imgix.net/images/collection-most-popular-all-time-social1b82.png]
[www.classcentral.com/udacity.html]
[www.classcentral.com/gatech.html]
[www.classcentral.com/linuxfoundation.html]
[www.classcentral.com/salesforce.html]
[www.classcentral.com/index-41.html]
[www.classcentral.com/about.html]
[www.classcentral.com/index-43.html]
[www.classcentral.com/index-42.html]
[www.classcentral.com/index-44.html]
[www.classcentral.com/privacy-policy.html]
[www.classcentral.com/index-45.html]
[www.classcentral.com/index-46.html]
[www.classcentral.com/careers.html]
[www.classcentral.com/index-48.html]
[www.classcentral.com/index-50.html]
[www.classcentral.com/help.html]
[www.classcentral.com/contact.html]
[www.classcentral.com/email-protection.html]
[www.classcentral.com/images/email-decode.min.js]
[www.classcentral.com/index-54.html]
[www.classcentral.com/images/analytics.2edefc668ab4db842c41.js]
[static.getclicky.com/images/js]
[in.getclicky.com/images/100717250ns.gif]
[www.classcentral.com/index.html]
[www.classcentral.com/index-51.html]
[www.classcentral.com/index-52.html]
[www.classcentral.com/index-53.html]
[www.classcentral.com/images/celebrate.svg]
[www.classcentral.com/index-55.html]
[www.classcentral.com/index-56.html]
[www.classcentral.com/index-57.html]
[ccweb.imgix.net/images/rankings-starb04e.png]
[ccweb.imgix.net/images/mini-banner-most-popular-202195fb.png]
[ccweb.imgix.net/images/learning-illustration-037919.png]
[www.classcentral.com/rankings.html]
[ccweb.imgix.net/images/social-best-of-all-timec11a.png]
[ccweb.imgix.net/images/collection-coursera-free-courses8c0f.png]
[ccweb.imgix.net/images/collection-2022-best-courses38f1.png]
[ccweb.imgix.net/images/college-credit-banner6074.jpg]
[ccweb.imgix.net/images/collection-most-popular-of-202349c3.png]
[ccweb.imgix.net/images/collection-udemy-free-courses57ea.jpg]
[ccweb.imgix.net/images/collection-writing-banner88fc.png]
[ccweb.imgix.net/images/collection-top-course-pandemic39f1.png]
[ccweb.imgix.net/images/collection-mooc-mba00e6.png]
[ccweb.imgix.net/images/collection-cs-top-universities6a4e.jpg]
[ccweb.imgix.net/images/collection-swayam8f33.png]
[ccweb.imgix.net/images/collection-ocw-bannerb6ac.png]
[ccweb.imgix.net/images/collection-free-certificatesc07b.png]
[ccweb.imgix.net/images/collection-google-certseccf.png]
[ccweb.imgix.net/images/collection-linkedinb0c7.png]
[ccweb.imgix.net/images/collection-future-learn-free-certs21e0.jpg]
[ccweb.imgix.net/images/collection-digital-marketing-certs46d4.png]
[ccweb.imgix.net/images/collection-degrees-china5e9b.png]
[ccweb.imgix.net/images/collection-pluralsight-top-courses70cf.png]
[ccweb.imgix.net/images/collection-visual-arts-bannerd276.png]
[ccweb.imgix.net/images/collection-sustainability-online-courses-socialdd71.png]
[www.classcentral.com/collections.html]
[ccweb.imgix.net/images/icon-humanities835c.png]
[www.classcentral.com/subjects4658.html]
[ccweb.imgix.net/images/icon-data-science6cf3.png]
[ccweb.imgix.net/images/icon-personal-development02ad.png]
[ccweb.imgix.net/images/icon-art-and-designe03a.png]
[ccweb.imgix.net/images/icon-programming-and-software-development1090.png]
[ccweb.imgix.net/images/icon-engineering383f.png]
[ccweb.imgix.net/images/icon-healthab63.png]
[ccweb.imgix.net/images/icon-mathsdac4.png]
[ccweb.imgix.net/images/icon-science6f3b.png]
[ccweb.imgix.net/images/icon-social-sciences005b.png]
[ccweb.imgix.net/images/icon-educationa0b5.png]
[ccweb.imgix.net/images/icon-infosec2a2e.png]
[www.classcentral.com/subjects.html]
[www.classcentral.com/cs4658.html]
[ccweb.imgix.net/images/csc2cc.svg]
[d3f1iyfxxz8i1e.cloudfront.net/images/134e7f411d93.png]
[ccweb.imgix.net/images/harvard-hzd728.png]
[d3f1iyfxxz8i1e.cloudfront.net/images/23f2b46fd096.jpg]
[ccweb.imgix.net/images/penn-hzf789.png]
[d3f1iyfxxz8i1e.cloudfront.net/images/cd03bee013fe.jpg]
[ccweb.imgix.net/images/mit-hzc550.png]
[d3f1iyfxxz8i1e.cloudfront.net/images/18a5653c0eff.jpg]
[ccweb.imgix.net/images/rice-hz5528.png]
[d3f1iyfxxz8i1e.cloudfront.net/images/349756af8520.png]
[ccweb.imgix.net/images/stanford-hz5b90.png]
[d3f1iyfxxz8i1e.cloudfront.net/images/05d45555d2c3.jpg]
[ccweb.imgix.net/images/london-hz42be.png]
[d3f1iyfxxz8i1e.cloudfront.net/images/b5e5b062c823.png]
[d3f1iyfxxz8i1e.cloudfront.net/images/75e771ba8a1e.png]
[d3f1iyfxxz8i1e.cloudfront.net/images/604be1651503.jpg]
[d3f1iyfxxz8i1e.cloudfront.net/images/f7840a56f8bc.jpg]
[d3f1iyfxxz8i1e.cloudfront.net/images/aa0849a7bb47.jpg]
[ccweb.imgix.net/images/hkust-hz16a8.png]
[ccweb.imgix.net/images/f7bda83986e6fd97.svg]
[d3f1iyfxxz8i1e.cloudfront.net/images/56692420bcb9.png]
[d3f1iyfxxz8i1e.cloudfront.net/images/c209b47802f5.png]
[ccweb.imgix.net/images/ucdavis-hz13f6.png]
[d3f1iyfxxz8i1e.cloudfront.net/images/9e71041800f9.png]
[d3f1iyfxxz8i1e.cloudfront.net/images/c4ed2f4b1e57.jpg]
[d3f1iyfxxz8i1e.cloudfront.net/images/f4e3886534c2.png]
[d3f1iyfxxz8i1e.cloudfront.net/images/66fb196590e3.png]
[ccweb.imgix.net/images/epfl-hzb772.png]
[d3f1iyfxxz8i1e.cloudfront.net/images/7fc3291513e4.jpg]
[d3f1iyfxxz8i1e.cloudfront.net/images/2f169afa587e.png]
[ccweb.imgix.net/images/princeton-hz22e0.png]
[d3f1iyfxxz8i1e.cloudfront.net/images/4a5482dcc35d.jpg]
[ccweb.imgix.net/images/leeds-hzc7bb.png]
[d3f1iyfxxz8i1e.cloudfront.net/images/0b446b881fad.jpg]
[d3f1iyfxxz8i1e.cloudfront.net/images/449bea5d492d.png]
[ccweb.imgix.net/images/umich-hz6e92.png]
[www.classcentral.com/cs.html]
[www.classcentral.com/health4658.html]
[ccweb.imgix.net/images/healthe1dd.svg]
[ccweb.imgix.net/images/hqdefault1de1.jpg]
[ccweb.imgix.net/images/utas-hzf9f4.png]
[d3f1iyfxxz8i1e.cloudfront.net/images/f7cb9c329c6b.png]
[ccweb.imgix.net/images/yale-hz3d9d.png]
[d3f1iyfxxz8i1e.cloudfront.net/images/31dfc8b47d57.jpg]
[ccweb.imgix.net/images/wageningenur-hzd55a.png]
[d3f1iyfxxz8i1e.cloudfront.net/images/7c388fcedb68.jpg]
[d3f1iyfxxz8i1e.cloudfront.net/images/195517ea288a.jpg]
[d3f1iyfxxz8i1e.cloudfront.net/images/2f6bcaf324a2.jpg]
[d3f1iyfxxz8i1e.cloudfront.net/images/e5982c34ce48.jpg]
[d3f1iyfxxz8i1e.cloudfront.net/images/921c061757a2.jpg]
[ccweb.imgix.net/images/glasgow-hz11de.png]
[d3f1iyfxxz8i1e.cloudfront.net/images/60c7147ce698.jpg]
[ccweb.imgix.net/images/shef-hz8e0e.png]
[d3f1iyfxxz8i1e.cloudfront.net/images/340d5cb00909.jpg]
[d3f1iyfxxz8i1e.cloudfront.net/images/30459b86134d.jpg]
[d3f1iyfxxz8i1e.cloudfront.net/images/b057cff4524e.jpg]
[d3f1iyfxxz8i1e.cloudfront.net/images/a4c18b6f6546.jpg]
[www.classcentral.com/health.html]
[ccweb.imgix.net/images/hqdefault8e5c.jpg]
[www.classcentral.com/maths4658.html]
[ccweb.imgix.net/images/maths3e32.svg]
[d3f1iyfxxz8i1e.cloudfront.net/images/08811554cb0f.png]
[d3f1iyfxxz8i1e.cloudfront.net/images/bcd3bba65c83.png]
[d3f1iyfxxz8i1e.cloudfront.net/images/9d130de68d9d.png]
[d3f1iyfxxz8i1e.cloudfront.net/images/2f988a2521a9.png]
[ccweb.imgix.net/images/8bb736e389293ef2.gif]
[d3f1iyfxxz8i1e.cloudfront.net/images/f1fdb44befbf.jpg]
[ccweb.imgix.net/images/galileo-hz70c9.png]
[d3f1iyfxxz8i1e.cloudfront.net/images/f2f3a4ad43aa.jpg]
[ccweb.imgix.net/images/upv-hz68f0.png]
[d3f1iyfxxz8i1e.cloudfront.net/images/fbb117280233.png]
[d3f1iyfxxz8i1e.cloudfront.net/images/084a00d785b3.png]
[d3f1iyfxxz8i1e.cloudfront.net/images/c07a38a3cf8c.png]
[d3f1iyfxxz8i1e.cloudfront.net/images/1bdea6a25e54.png]
[d3f1iyfxxz8i1e.cloudfront.net/images/da0769dbaffc.jpg]
[d3f1iyfxxz8i1e.cloudfront.net/images/845ef650bc48.jpg]
[www.classcentral.com/maths.html]
[www.classcentral.com/business.html]
[www.classcentral.com/humanities.html]
[ccweb.imgix.net/images/engineering48f7.svg]
[www.classcentral.com/engineering4658.html]
[d3f1iyfxxz8i1e.cloudfront.net/images/a873c631e8e5.jpg]
[ccweb.imgix.net/images/gatech-hza4d2.png]
[d3f1iyfxxz8i1e.cloudfront.net/images/93ccac8bc8c9.jpg]
[d3f1iyfxxz8i1e.cloudfront.net/images/fe3e41f4d8d4.jpg]
[d3f1iyfxxz8i1e.cloudfront.net/images/b186710a3dd6.jpg]
[d3f1iyfxxz8i1e.cloudfront.net/images/d9468a086ab5.jpg]
[d3f1iyfxxz8i1e.cloudfront.net/images/6c5ce231e98e.jpg]
[d3f1iyfxxz8i1e.cloudfront.net/images/2515712f7ade.jpg]
[d3f1iyfxxz8i1e.cloudfront.net/images/cc2b518d0db8.jpg]
[d3f1iyfxxz8i1e.cloudfront.net/images/3876f3c7dbba.jpg]
[d3f1iyfxxz8i1e.cloudfront.net/images/3b35ca16619e.jpg]
[www.classcentral.com/engineering.html]
[www.classcentral.com/science.html]
[www.classcentral.com/education.html]
[www.classcentral.com/social-sciences4658.html]
[d3f1iyfxxz8i1e.cloudfront.net/images/f223af129f1b.png]
[ccweb.imgix.net/images/social-sciences0f8d.svg]
[d3f1iyfxxz8i1e.cloudfront.net/images/0c20f6d54c51.jpg]
[d3f1iyfxxz8i1e.cloudfront.net/images/04e18bb411f0.jpg]
[d3f1iyfxxz8i1e.cloudfront.net/images/5e27fc5cf71d.jpg]
[ccweb.imgix.net/images/british-council-hz17c1.png]
[d3f1iyfxxz8i1e.cloudfront.net/images/0456df5f03d2.png]
[ccweb.imgix.net/images/cec-hz23ce.png]
[d3f1iyfxxz8i1e.cloudfront.net/images/28e21b04e240.jpg]
[d3f1iyfxxz8i1e.cloudfront.net/images/3476d26f3c62.jpg]
[d3f1iyfxxz8i1e.cloudfront.net/images/700dc924eaba.png]
[ccweb.imgix.net/images/duke-hz6286.png]
[d3f1iyfxxz8i1e.cloudfront.net/images/3e36ff5cb669.jpg]
[ccweb.imgix.net/images/hqdefault28bd.jpg]
[d3f1iyfxxz8i1e.cloudfront.net/images/996b3ebf396c.png]
[d3f1iyfxxz8i1e.cloudfront.net/images/ac5a436fea8f.png]
[d3f1iyfxxz8i1e.cloudfront.net/images/dfece2afa435.jpg]
[www.classcentral.com/social-sciences.html]
[www.classcentral.com/art-and-design.html]
[d3f1iyfxxz8i1e.cloudfront.net/images/82221c247e08.jpg]
[ccweb.imgix.net/images/data-sciencebbd2.svg]
[www.classcentral.com/data-science4658.html]
[d3f1iyfxxz8i1e.cloudfront.net/images/b49e3bc71663.jpg]
[d3f1iyfxxz8i1e.cloudfront.net/images/48bbe161c1d3.png]
[ccweb.imgix.net/images/google-hz411e.png]
[d3f1iyfxxz8i1e.cloudfront.net/images/467489f18fc5.jpg]
[d3f1iyfxxz8i1e.cloudfront.net/images/6e90d97c5d6a.jpg]
[d3f1iyfxxz8i1e.cloudfront.net/images/81c5a1578cec.png]
[d3f1iyfxxz8i1e.cloudfront.net/images/d27ce4ed50b3.jpg]
[ccweb.imgix.net/images/jhu-hz65a0.png]
[d3f1iyfxxz8i1e.cloudfront.net/images/34e927521337.jpg]
[d3f1iyfxxz8i1e.cloudfront.net/images/1ae0c53b7436.jpg]
[d3f1iyfxxz8i1e.cloudfront.net/images/b1da4b55667e.jpg]
[d3f1iyfxxz8i1e.cloudfront.net/images/b52feaeb476a.jpg]
[d3f1iyfxxz8i1e.cloudfront.net/images/ea23eee2761e.jpg]
[d3f1iyfxxz8i1e.cloudfront.net/images/47691428d8bd.jpg]
[d3f1iyfxxz8i1e.cloudfront.net/images/7f35f8e70729.jpg]
[d3f1iyfxxz8i1e.cloudfront.net/images/339f8ba2e92c.png]
[d3f1iyfxxz8i1e.cloudfront.net/images/9baefdb84754.png]
[d3f1iyfxxz8i1e.cloudfront.net/images/7841679b4121.jpg]
[d3f1iyfxxz8i1e.cloudfront.net/images/03b3fe87ca3a.jpg]
[d3f1iyfxxz8i1e.cloudfront.net/images/8d7a49ae4457.jpg]
[ccweb.imgix.net/images/ucsd-hz28e1.png]
[d3f1iyfxxz8i1e.cloudfront.net/images/df19dd9eaabf.jpg]
[ccweb.imgix.net/images/anahuac-hzad5b.png]
[d3f1iyfxxz8i1e.cloudfront.net/images/ea9882ad95f5.png]
[d3f1iyfxxz8i1e.cloudfront.net/images/46df83b3aca4.png]
[ccweb.imgix.net/images/usmd-hz12d4.png]
[d3f1iyfxxz8i1e.cloudfront.net/images/87d4f2e714ea.png]
[www.classcentral.com/data-science.html]
[www.classcentral.com/programming-and-software-development.html]
[www.classcentral.com/personal-development.html]
[ccweb.imgix.net/images/infosec43f4.svg]
[www.classcentral.com/infosec4658.html]
[d3f1iyfxxz8i1e.cloudfront.net/images/eba62ac5b941.jpg]
[d3f1iyfxxz8i1e.cloudfront.net/images/b04548d53b03.jpg]
[d3f1iyfxxz8i1e.cloudfront.net/images/69fb745426f2.jpg]
[d3f1iyfxxz8i1e.cloudfront.net/images/e786bc8ce1c9.jpg]
[d3f1iyfxxz8i1e.cloudfront.net/images/1703cf39d6b7.jpg]
[d3f1iyfxxz8i1e.cloudfront.net/images/730c1986f37a.jpg]
[d3f1iyfxxz8i1e.cloudfront.net/images/fe12b4747064.jpg]
[d3f1iyfxxz8i1e.cloudfront.net/images/c43362348ca9.jpg]
[d3f1iyfxxz8i1e.cloudfront.net/images/548c61a7f48d.jpg]
[ccweb.imgix.net/images/tou-hz5c82.png]
[d3f1iyfxxz8i1e.cloudfront.net/images/d3c143b4409a.jpg]
[d3f1iyfxxz8i1e.cloudfront.net/images/5d0723f0aa84.jpg]
[ccweb.imgix.net/images/umd-hzef02.png]
[d3f1iyfxxz8i1e.cloudfront.net/images/900e19adb510.jpg]
[d3f1iyfxxz8i1e.cloudfront.net/images/73c8cbd62d93.png]
[d3f1iyfxxz8i1e.cloudfront.net/images/5c162949b53b.jpg]
[www.classcentral.com/infosec.html]
[ccweb.imgix.net/images/stanford-hzd4cb.png]
[ccweb.imgix.net/images/harvard-hzaa19.png]
[ccweb.imgix.net/images/mit-hz89ee.png]
[ccweb.imgix.net/images/iit-kharagpur-hza403.png]
[ccweb.imgix.net/images/tou-trn-sq6a0d.png]
[ccweb.imgix.net/images/stanford-trn-sq9e0f.png]
[ccweb.imgix.net/images/iit-kharagpur-trn-sqf1ee.png]
[ccweb.imgix.net/images/mit-trn-sq3d5c.png]
[ccweb.imgix.net/images/umich-trn-sq8b74.png]
[ccweb.imgix.net/images/iitm-trn-sq0ebd.png]
[ccweb.imgix.net/images/jhu-trn-sq0132.png]
[ccweb.imgix.net/images/iitk-trn-sqa316.png]
[ccweb.imgix.net/images/boulder-trn-sq2ff2.png]
[ccweb.imgix.net/images/illinois-trn-sq1ae8.png]
[ccweb.imgix.net/images/uci-trn-sq1b56.png]
[ccweb.imgix.net/images/dartmouth-trn-sqc01b.png]
[ccweb.imgix.net/images/penn-trn-sqab74.png]
[ccweb.imgix.net/images/coventry-trn-sq7372.png]
[ccweb.imgix.net/images/harvard-trn-sqc417.png]
[ccweb.imgix.net/images/iit-roorkee-trn-sqbf9e.png]
[ccweb.imgix.net/images/ignou-trn-sq73ac.png]
[ccweb.imgix.net/images/spbu-trn-sqaa78.png]
[ccweb.imgix.net/images/tecdemonterrey-trn-sqaf4b.png]
[ccweb.imgix.net/images/iit-guwahati-trn-sq90da.png]
[ccweb.imgix.net/images/university-of-naples-trn-sq9875.png]
[ccweb.imgix.net/images/delft-trn-sqede5.png]
[ccweb.imgix.net/images/hse-trn-sqcd02.png]
[ccweb.imgix.net/images/iitb-trn-sqd33d.png]
[ccweb.imgix.net/images/chicago-trn-sq8386.png]
[ccweb.imgix.net/images/upv-trn-sq420e.png]
[ccweb.imgix.net/images/gatech-trn-sqbd75.png]
[ccweb.imgix.net/images/epfl-trn-sqbab3.png]
[ccweb.imgix.net/images/mipt-trn-sq57cb.png]
[ccweb.imgix.net/images/asu-trn-sq9493.png]
[ccweb.imgix.net/images/rice-trn-sq8877.png]
[ccweb.imgix.net/images/unam-trn-sqb55f.png]
[ccweb.imgix.net/images/cusystem-trn-sqa67f.png]
[ccweb.imgix.net/images/ucsd-trn-sqd7b5.png]
[ccweb.imgix.net/images/usmd-trn-sqb452.png]
[ccweb.imgix.net/images/fia-trn-sq4245.png]
[ccweb.imgix.net/images/leeds-trn-sqd046.png]
[ccweb.imgix.net/images/rosario-trn-sqf214.png]
[ccweb.imgix.net/images/duke-trn-sqf48e.png]
[ccweb.imgix.net/images/purdue-trn-sqefe6.png]
[ccweb.imgix.net/images/pku-trn-sq6a50.png]
[ccweb.imgix.net/images/iisc-trn-sq6d58.png]
[ccweb.imgix.net/images/iitd-trn-sq3d91.png]
[ccweb.imgix.net/images/columbia-trn-sq5f90.png]
[ccweb.imgix.net/images/uva-trn-sq2d39.png]
[ccweb.imgix.net/images/ucdavis-trn-sqb729.png]
[ccweb.imgix.net/images/brown-trn-sqd281.png]
[ccweb.imgix.net/images/iimb-trn-sq7b06.png]
[ccweb.imgix.net/images/uniandes-trn-sqc713.png]
[ccweb.imgix.net/images/edinburgh-trn-sq5403.png]
[ccweb.imgix.net/images/javeriana-trn-sq498a.png]
[ccweb.imgix.net/images/polimi-trn-sq71eb.png]
[ccweb.imgix.net/images/imperial-trn-sqe5c3.png]
[ccweb.imgix.net/images/tsinghua-trn-sq9267.png]
[ccweb.imgix.net/images/yale-trn-sq9e83.png]
[ccweb.imgix.net/images/anahuac-trn-sq6cbc.png]
[ccweb.imgix.net/images/hkust-trn-sq5c00.png]
[ccweb.imgix.net/images/tomsk-state-trn-sq65fd.png]
[ccweb.imgix.net/images/minnesota-trn-sqc143.png]
[ccweb.imgix.net/images/uq-trn-sq01fc.png]
[ccweb.imgix.net/images/ubc-trn-sqf708.png]
[ccweb.imgix.net/images/fr-mines-telecom-trn-sqca4b.png]
[ccweb.imgix.net/images/macquarie-trn-sqe3be.png]
[ccweb.imgix.net/images/suny-trn-sq15b2.png]
[ccweb.imgix.net/images/umd-trn-sq2c2b.png]
[ccweb.imgix.net/images/uw-trn-sq6477.png]
[ccweb.imgix.net/images/upm-trn-sq5dc0.png]
[ccweb.imgix.net/images/deakin-trn-sqb091.png]
[ccweb.imgix.net/images/taiwan-trn-sq93f2.png]
[ccweb.imgix.net/images/berklee-trn-sq3001.png]
[ccweb.imgix.net/images/doane-trn-sq6bd3.png]
[ccweb.imgix.net/images/glasgow-trn-sq266e.png]
[ccweb.imgix.net/images/berkeley-trn-sq5416.png]
[ccweb.imgix.net/images/london-trn-sq654c.png]
[ccweb.imgix.net/images/wageningenur-trn-sq1c99.png]
[ccweb.imgix.net/images/nyu-trn-sqb2c5.png]
[ccweb.imgix.net/images/galileo-trn-sq3789.png]
[ccweb.imgix.net/images/uab-trn-sq92cf.png]
[ccweb.imgix.net/images/hkpolyu-trn-sq7a9f.png]
[ccweb.imgix.net/images/ucchile-trn-sq31f0.png]
[ccweb.imgix.net/images/unige-trn-sqdb2c.png]
[ccweb.imgix.net/images/utoronto-trn-sqa1b4.png]
[ccweb.imgix.net/images/mst-trn-sq2f88.png]
[ccweb.imgix.net/images/northwestern-trn-sqa8f9.png]
[ccweb.imgix.net/images/uclouvain-trn-sq3e11.png]
[ccweb.imgix.net/images/utexas-trn-sq8631.png]
[ccweb.imgix.net/images/austral-trn-sqe87e.png]
[ccweb.imgix.net/images/ie-trn-sqdf84.png]
[ccweb.imgix.net/images/usg-trn-sq8dfe.png]
[ccweb.imgix.net/images/emory-trn-sqc92b.png]
[ccweb.imgix.net/images/aachen-trn-sq399c.png]
[ccweb.imgix.net/images/ep-trn-sq24a1.png]
[ccweb.imgix.net/images/curtin-trn-sq802d.png]
[ccweb.imgix.net/images/reading-trn-sq36f3.png]
[ccweb.imgix.net/images/yonsei-trn-sq34e5.png]
[ccweb.imgix.net/images/nus-trn-sq9f33.png]
[ccweb.imgix.net/images/calarts-trn-sq4021.png]
[ccweb.imgix.net/images/kcl-trn-sq0bb6.png]
[ccweb.imgix.net/images/princeton-trn-sqa3ef.png]
[ccweb.imgix.net/images/ualberta-trn-sq814a.png]
[ccweb.imgix.net/images/uea-trn-sq648a.png]
[ccweb.imgix.net/images/isb-trn-sqf98d.png]
[ccweb.imgix.net/images/shef-trn-sq0bac.png]
[ccweb.imgix.net/images/cornell-trn-sqeb38.png]
[ccweb.imgix.net/images/saic-trn-sq2766.png]
[ccweb.imgix.net/images/ec-trn-sqe924.png]
[ccweb.imgix.net/images/utas-trn-sq3458.png]
[www.classcentral.com/universities.html]
[www.classcentral.com/images/frontend.min2072.css]
[www.classcentral.com/images/flatpickr.min2072.css]
[www.classcentral.com/images/select2.min080f.css]
[www.classcentral.com/images/67792.json]
[www.classcentral.com/images/xmlrpc.2a80db0.delayed]
[www.classcentral.com/index-58.html]
[www.classcentral.com/images/wlwmanifest.xml]
[www.classcentral.com/images/embed3702.json]
[www.classcentral.com/images/embeda47b]
[www.classcentral.com/images/favicon.ico]
[www.classcentral.com/images/apple-touch-icon-2.png]
[www.classcentral.com/images/favicon-32x32-2.png]
[www.classcentral.com/images/favicon-16x16-2.png]
[www.classcentral.com/images/site-2.webmanifest]
[www.classcentral.com/images/safari-pinned-tab-2.svg]
[www.classcentral.com/images/cc-style.1faac0f8c55193cb997a.css]
[www.classcentral.com/images/coursera-google-revenue-banner.png]
[www.classcentral.com/images/dhawal-shah-150x150.png]
[www.classcentral.com/images/screenshot-2023-03-05-at-21-13-24-masterclass-online-classes-1024x655.jpg]
[www.classcentral.com/images/patrick-robert-doyle-ovxht_wi5ew-unsplash-1024x640.jpg]
[www.classcentral.com/images/heba-150x150.jpg]
[secure.gravatar.com/images/3794cbeb72e1711c404595eb7dea9c31bf56.jpeg]
[www.classcentral.com/images/emoocs-2023-banner-final.png]
[www.classcentral.com/images/coursera-free-courses.png]
[www.classcentral.com/images/udemy-announces-layoffs-banner.png]
[www.classcentral.com/images/css-layout-bcg-banner.png]
[www.classcentral.com/images/digital-art-bcg-banner-1024x512.png]
[www.classcentral.com/images/elm-bcg-banner.png]
[www.classcentral.com/images/resume-writing-bcg-banner-1024x512.png]
[www.classcentral.com/images/banner-popular-courses-16-8.jpg]
[www.classcentral.com/images/banner-new-courses-16-8.jpg]
[www.classcentral.com/images/banner-starting-soon-16-8.jpg]
[www.classcentral.com/images/most-popular-all-time-1.png]
[www.classcentral.com/images/udemy-top-courses.png]
[www.classcentral.com/images/dev-it-certs.jpg]
[www.classcentral.com/images/academic-writing-made-easy-by-tum.png]
[www.classcentral.com/images/bako-faith.png]
[www.classcentral.com/images/chinas-economic-transformation-part-1_-economic-reform-and-growth-main-banner.png]
[www.classcentral.com/images/alfredo-portinari-maranca-150x150.jpg]
[www.classcentral.com/images/the-science-of-well-being-yale-instructor-professor-laurie-santos.png]
[www.classcentral.com/images/kohei_iwahara-150x150.jpg]
[www.classcentral.com/images/exploratory-data-analysis-with-matlab-erin-byrne-course-instructor.png]
[www.classcentral.com/images/sufi-shah-hamid-jalali-150x150.jpg]
[www.classcentral.com/images/learning-to-teach_-mentoring-and-tutoring-student-teachers.png]
[www.classcentral.com/images/sanja-markovic-150x150.jpg]
[www.classcentral.com/images/goldman-sachs-10000-women-jiyoung-host.png]
[www.classcentral.com/images/rejoiceabolude1-150x150.jpg]
[www.classcentral.com/images/cs.svg]
[www.classcentral.com/images/business.svg]
[www.classcentral.com/images/humanities.svg]
[www.classcentral.com/images/data-science.svg]
[www.classcentral.com/images/personal-development.svg]
[www.classcentral.com/images/art-and-design.svg]
[www.classcentral.com/index-2.html]
[www.classcentral.com/images/collection-best-courses-mobile.png]
[d3f1iyfxxz8i1e.cloudfront.net/images/813cc40e0615.jpg]
[ccweb.imgix.net/images/tsinghua-hz3c4a.png]
[d3f1iyfxxz8i1e.cloudfront.net/images/782b4c8b7fa1.png]
[d3f1iyfxxz8i1e.cloudfront.net/images/29fd680b3473.png]
[ccweb.imgix.net/images/ualberta-hz7fb2.png]
[d3f1iyfxxz8i1e.cloudfront.net/images/39d8ca6ac59d.jpg]
[d3f1iyfxxz8i1e.cloudfront.net/images/f6056710ce8c.png]
[d3f1iyfxxz8i1e.cloudfront.net/images/584a7dc6d18f.png]
[d3f1iyfxxz8i1e.cloudfront.net/images/d0ded83c8011.png]
[d3f1iyfxxz8i1e.cloudfront.net/images/3bf507bc0083.png]
[d3f1iyfxxz8i1e.cloudfront.net/images/afdd3a7d6384.png]
[d3f1iyfxxz8i1e.cloudfront.net/images/de896803bcc2.jpg]
[www.classcentral.com/top-free-online-courses.html]
[www.classcentral.com/images/71214.json]
[www.classcentral.com/images/embed77e6.json]
[www.classcentral.com/images/embed2dd9]
[www.classcentral.com/images/free-certificates-banner.png]
[www.classcentral.com/images/emoocs-2023-banner-final-300x150.png]
[secure.gravatar.com/images/2ea65e8cd3fb1d2ef4970df6eeb811bde843.jpeg]
[secure.gravatar.com/images/449d591294127639cb749f45e7eaa88ce843.png]
[secure.gravatar.com/images/d9bb8e92b9dc592ffa01613882789513e843.png]
[secure.gravatar.com/images/de642452d6fe8559a6f96a3f0c04bac2e843.png]
[www.classcentral.com/images/suparn-150x150.jpg]
[secure.gravatar.com/images/487875195323fa6ae258fd3e1a98dde4e843.png]
[secure.gravatar.com/images/a0ea21419dc004dcaeef1f10ff3ba15ae843.png]
[secure.gravatar.com/images/2e9c7216c941db4ba18fc2e6c0bb68f4e843.png]
[secure.gravatar.com/images/8e9499c50f0185cabe8cba67a5fd74cde843.png]
[secure.gravatar.com/images/605aece5ada6edaa2f0c2955dc3572bce843.png]
[www.classcentral.com/index-3.html]
[www.classcentral.com/images/77094.json]
[www.classcentral.com/images/embed72cd.json]
[www.classcentral.com/images/embed6d85]
[www.classcentral.com/images/2022-best-courses-banner.png]
[www.classcentral.com/index-4.html]
[secure.gravatar.com/images/779bdf436a85c90480abf241caeb48c4e843.png]
[www.classcentral.com/images/73773.json]
[www.classcentral.com/images/embed7490.json]
[www.classcentral.com/images/embed6ba6]
[www.classcentral.com/images/2021-best-courses-banner.png]
[secure.gravatar.com/images/5b61115fa66d3adf35cbd1a3233cf657e843.png]
[secure.gravatar.com/images/6695ea79bc0f7cadafefce7691091f9be843.png]
[www.classcentral.com/index-5.html]
[www.classcentral.com/images/77063.json]
[www.classcentral.com/images/embed9854.json]
[www.classcentral.com/images/embedd0c9]
[www.classcentral.com/images/most-popular-2022.png]
[secure.gravatar.com/images/15682febff729f76996b6bc3114692cbe843.png]
[secure.gravatar.com/images/04a08820f6e798369716fbbe4b48b791e843.png]
[www.classcentral.com/index-6.html]
[www.classcentral.com/images/73299.json]
[www.classcentral.com/images/embed6050.json]
[www.classcentral.com/images/embed9412]
[www.classcentral.com/images/most-popular-2021.png]
[www.classcentral.com/images/coursera-certificates.jpg]
[secure.gravatar.com/images/088da8e6500bdba6c8cc633c2ca1147be843.jpeg]
[secure.gravatar.com/images/b662a3f1a8bb4ed440c3bb4dfa3f4088e843.png]
[secure.gravatar.com/images/6f483966033197c8c0636f65337e50bee843.png]
[www.classcentral.com/index-7.html]
[www.classcentral.com/images/collection-ivy-league-mobile.png]
[d3f1iyfxxz8i1e.cloudfront.net/images/7ab647ef5a88.png]
[d3f1iyfxxz8i1e.cloudfront.net/images/2cb9864caae6.jpg]
[d3f1iyfxxz8i1e.cloudfront.net/images/a7db3e6045e4.jpg]
[d3f1iyfxxz8i1e.cloudfront.net/images/35baf0bbb129.jpg]
[d3f1iyfxxz8i1e.cloudfront.net/images/183f77d574f5.jpg]
[d3f1iyfxxz8i1e.cloudfront.net/images/3b0c5d970e0f.png]
[ccweb.imgix.net/images/columbia-hzc473.png]
[d3f1iyfxxz8i1e.cloudfront.net/images/e50d1d7152d5.jpg]
[d3f1iyfxxz8i1e.cloudfront.net/images/ffd52e4552a2.jpg]
[d3f1iyfxxz8i1e.cloudfront.net/images/985735f97899.png]
[www.classcentral.com/ivy-league-moocs.html]
[d3f1iyfxxz8i1e.cloudfront.net/images/ce2c47cefded.png]
[www.classcentral.com/images/66895.json]
[www.classcentral.com/images/embed8fe8.json]
[www.classcentral.com/images/embed2aed]
[www.classcentral.com/images/coursera-free-course-no-certificate.png]
[www.classcentral.com/images/coursera-free-audit-course.png]
[www.classcentral.com/images/cloud9-selenium-php.png]
[secure.gravatar.com/images/f59b44f26727d2437ca7a089c3cf149ee843.jpeg]
[secure.gravatar.com/images/ca526354c7eaa9d571dc3dee25cf0ed4e843.png]
[secure.gravatar.com/images/aded2f7bfb55447d312f032999143c84e843.png]
[secure.gravatar.com/images/847d74faefc78ae171468be4d37163fee843.png]
[secure.gravatar.com/images/dfdefc0941fa2902228f5891b3acb347e843.png]
[secure.gravatar.com/images/844d0a8e449d707fc861a220d0f28efde843.png]
[secure.gravatar.com/images/967e5353f16770eea8634dd4ca733ba9e843.png]
[secure.gravatar.com/images/b1cf64c5dc84e49e80d5af2aa195caece843.png]
[secure.gravatar.com/images/ca2c229831430e7e60a33899f890b20be843.png]
[secure.gravatar.com/images/d01615777ad1c5c278b33349c2bb9f72e843.png]
[secure.gravatar.com/images/5ecfb0f586ce7c03ee369fee12e694e2e843.png]
[secure.gravatar.com/images/f8a945a43f98229d2de3aa5263ab1515e843.png]
[secure.gravatar.com/images/65217ccd218fdecd90ea379965f03b5ce843.jpeg]
[secure.gravatar.com/images/a23532a39366e5b2f614dc09bb214a00e843.png]
[secure.gravatar.com/images/1e15d4780fe6ae1ee25a19fa4eb94b04e843.png]
[secure.gravatar.com/images/de16b816b61d863091d4c4944142f05fe843.png]
[secure.gravatar.com/images/9667099dcb6cd851eeb393ae6a2acb75e843.png]
[secure.gravatar.com/images/47ea26d0a49c95b125e3e8422980c5f2e843.png]
[secure.gravatar.com/images/4a28db3d1ec78f6446255215c2a644a3e843.png]
[secure.gravatar.com/images/3138415ba9b0d5d72e0780c010dc01d6e843.jpeg]
[secure.gravatar.com/images/beb2bfa47b5401d4dacc87e20a5f97a5e843.png]
[secure.gravatar.com/images/1957008efeaae31c815708e1d4bdf526e843.jpeg]
[secure.gravatar.com/images/b791539a0e3f8f46c7d173e134a67b56e843.png]
[secure.gravatar.com/images/9828e4d1e0677d3a277055176e53967ae843.png]
[secure.gravatar.com/images/fe351dc7fcbbd6d43fe296dc051c7077e843.png]
[secure.gravatar.com/images/2d54ede4f013410d745378ec7f068796e843.jpeg]
[secure.gravatar.com/images/40601e90a20e8cb182b517f3c1a98f81e843.png]
[secure.gravatar.com/images/28a22c7c08cafd4dadf08e5b8ff94e3fe843.png]
[secure.gravatar.com/images/280fbe84776c1bc62f6897a5e6552012e843.png]
[secure.gravatar.com/images/a809f37be928ad49133db21153ab5b03e843.png]
[secure.gravatar.com/images/e5a2e40dda65cd20b4db2095ab05e0a2e843.jpeg]
[secure.gravatar.com/images/fd29382e503d7d88dbfffeb2a8a40073e843.jpeg]
[secure.gravatar.com/images/7f1971aed02fc1905f33ce90d479a014e843.png]
[secure.gravatar.com/images/daa2f5fc25e45cd824e006a60acdfa73e843.png]
[secure.gravatar.com/images/a3c4870c8e5cae20263c259f25794223e843.png]
[secure.gravatar.com/images/48cd90464c034ab03aa18cf6aeb11b88e843.png]
[secure.gravatar.com/images/c9eaca8acb7ef991d0d5cb5b952307a8e843.png]
[secure.gravatar.com/images/0a79f0523768c01ecbc69e0363764824e843.png]
[secure.gravatar.com/images/a30f1158b0ee297d31d520fe8130b3d3e843.png]
[www.classcentral.com/index-8.html]
[secure.gravatar.com/images/29082570638cae83b60b3c0bf347e0dae843.png]
[www.classcentral.com/images/74608.json]
[www.classcentral.com/images/embed2cc8.json]
[www.classcentral.com/images/embed914a]
[www.classcentral.com/images/rui_ma-150x150.jpg]
[www.classcentral.com/images/mano-pp-current-150x150.png]
[www.classcentral.com/images/google-ga4-certificate.png]
[www.classcentral.com/images/cs50p-python-certificate-of-completion.png]
[www.classcentral.com/images/stanford-medicine-certificate-intro-to-food-final.png]
[www.classcentral.com/images/linkedin-certification.png]
[www.classcentral.com/images/screenshot_2021-03-07-profile.png]
[www.classcentral.com/images/ibm-cognitive-class-courses-e1658150162565.png]
[www.classcentral.com/images/trailhead.png]
[www.classcentral.com/images/openlearn-certificate.png]
[www.classcentral.com/images/digital-marketing-certs.png]
[www.classcentral.com/images/fcc-certificate.png]
[www.classcentral.com/images/future-learn-certs.jpg]
[www.classcentral.com/images/coursera-cats-and-dogs.jpg]
[www.classcentral.com/images/matlab-academy-free-certificate-final.png]
[www.classcentral.com/images/kaggle.png]
[www.classcentral.com/images/datacamp-certificate.png]
[www.classcentral.com/images/cert-pat-bowden-u-tasmania.png]
[www.classcentral.com/images/manoel-hackerrank-certificate.png]
[www.classcentral.com/images/cert-pat-bowden-u-helsinki.png]
[www.classcentral.com/images/redis.jpg]
[www.classcentral.com/images/openhpi-certificate-manoel.png]
[www.classcentral.com/images/opensap-courses.png]
[www.classcentral.com/images/canvas-network-courses.png]
[www.classcentral.com/images/mru-courses.png]
[www.classcentral.com/images/twitter-flight-school-homepage.png]
[www.classcentral.com/images/great-learning-homepage.png]
[www.classcentral.com/images/upgrad.jpg]
[www.classcentral.com/images/hubspot-courses.png]
[www.classcentral.com/images/semrush-academy-certificate.png]
[www.classcentral.com/images/mongodb.jpg]
[www.classcentral.com/images/edraak-homepage.png]
[www.classcentral.com/images/stepik.jpg]
[www.classcentral.com/images/un-cc-learn.jpg]
[www.classcentral.com/images/acumen-homepage.png]
[secure.gravatar.com/images/b6cca7d525ca144943405d0226ea8c43e843.png]
[secure.gravatar.com/images/6f4cf877e7a2f041cae9858bd0c4bf05e843.png]
[secure.gravatar.com/images/c5103c90bc434d1b07414fecce86cd16e843.png]
[secure.gravatar.com/images/4f988eeda1380014847fa287d650a601e843.png]
[secure.gravatar.com/images/acd4cdd2b7c9f573a93b965a91f5365fe843.png]
[secure.gravatar.com/images/7ccf44d49f58559d6a3e42a3e85d9fbce843.png]
[secure.gravatar.com/images/1225792b2df6b882863a2a545e6c4844e843.png]
[secure.gravatar.com/images/eb46257c6f390bf79afe9e8aecb039dae843.png]
[secure.gravatar.com/images/dc3444b028caed1fb4479e57a5ea7265e843.png]
[secure.gravatar.com/images/fc9752d490ccff876f868d4748995043e843.png]
[secure.gravatar.com/images/b72d9610825ec7e701fe8c33d8acf312e843.jpeg]
[secure.gravatar.com/images/86f3c2bfe0ba26d6819ff27f84ca841be843.png]
[secure.gravatar.com/images/a6457129f445e9ff9e4d56694192aa09e843.png]
[secure.gravatar.com/images/8497fdc26e841073128cacb379788e92e843.png]
[secure.gravatar.com/images/6bb8e4aaf9076c4d117837d821d8f38ae843.png]
[secure.gravatar.com/images/b4d94aa9011fb99723a1e8fcece1980ee843.png]
[secure.gravatar.com/images/d455c1f8498aa99c6b3ff191ee31a9c7e843.png]
[secure.gravatar.com/images/74a2c948c2121367f89360891654c59be843.png]
[secure.gravatar.com/images/75a8b72ccd8b6e183a2b0d033858f688e843.png]
[secure.gravatar.com/images/edeb9f574717ff605b9eaed6145405eee843.jpeg]
[secure.gravatar.com/images/e5d1ebfda9efac613839d955af5d0ad4e843.png]
[secure.gravatar.com/images/e35876f0285381d6771473f2aaadb7ebe843.png]
[secure.gravatar.com/images/07ef1e3c6ac1c9b6f9bb60e5842b616fe843.png]
[secure.gravatar.com/images/5d810a9dddab8ab9d656234b380dc6d2e843.png]
[secure.gravatar.com/images/ed26201e5c9073b23d9ef091ff39afe5e843.png]
[secure.gravatar.com/images/1b3f5eb6be410f75c5d0e3cfe7538bb3e843.jpeg]
[secure.gravatar.com/images/c7923cd4dea4ea967d619a03618fd3f8e843.png]
[secure.gravatar.com/images/011cb7d7ca9a92109ac8e61a749b4960e843.png]
[secure.gravatar.com/images/0d9deb9f7f814fba161a5cf934002247e843.png]
[secure.gravatar.com/images/406c2766ec0b7e850216187c1cf27c40e843.png]
[secure.gravatar.com/images/6d40a496e4f010dee109d1d4298f74e8e843.png]
[secure.gravatar.com/images/9f6edb71b504d3020b6b8944ff32b989e843.png]
[secure.gravatar.com/images/5e5e12cb259891e7e3f28326b193bef5e843.png]
[secure.gravatar.com/images/79979d69c181dad5ae95cebfa64a73b8e843.png]
[secure.gravatar.com/images/c4810b7f0d0655ee514d223dcd5cf823e843.png]
[secure.gravatar.com/images/a215ef1066e1f7d1f3f0e35c56106c52e843.png]
[secure.gravatar.com/images/f803a5e2284408099862d2bfadc6a78fe843.png]
[secure.gravatar.com/images/36365b66c28ef464b4de9ca2091bd903e843.png]
[secure.gravatar.com/images/673cc3f920c8effbd1e971895ee12523e843.png]
[secure.gravatar.com/images/30f827899cc5eee4ddf31b4f1ae80756e843.png]
[secure.gravatar.com/images/fc87c91b53614f658cee31931ca26e3de843.png]
[secure.gravatar.com/images/b28e5ef91a26a854f06b56aee3a71985e843.png]
[secure.gravatar.com/images/c5ebfcb83b3faf1ac482835bcff98633e843.png]
[secure.gravatar.com/images/64fa05f96a9cb0b9a51fff86d62ccde9e843.png]
[secure.gravatar.com/images/8b8a02434aa8495da82bbfe988d35cf1e843.png]
[secure.gravatar.com/images/cefb970006cd4c9160b1b4e8021f4bcce843.png]
[secure.gravatar.com/images/325d26516d26f6c5f27ea7b16f6aabe8e843.png]
[secure.gravatar.com/images/11a0b852b18e65d82a50e1b241d3f054e843.png]
[secure.gravatar.com/images/8a148bbb67010d656c695e427d4ae9e0e843.png]
[secure.gravatar.com/images/473074b18af038afaabeae03904f8168e843.png]
[secure.gravatar.com/images/cec095286374e19bb1e1ac28960d7037e843.png]
[secure.gravatar.com/images/22e0983e1ad934e37ab4278f232e8cdae843.png]
[secure.gravatar.com/images/af369abdb3850ca1f537963c633be027e843.jpeg]
[secure.gravatar.com/images/fcd8277a83abdf257767e6718d68a0a8e843.png]
[secure.gravatar.com/images/1eb19f66d3744c00e375dedc1e81c6f3e843.png]
[secure.gravatar.com/images/6aef94237c6dd84cbbacddc3967d9f8ae843.png]
[secure.gravatar.com/images/23fd3b82d6cd4fc9f489e3fc905479e2e843.png]
[secure.gravatar.com/images/45ac859c9a55b3183abcec4c2d8680c3e843.png]
[secure.gravatar.com/images/fe1d00da758eef38210bb2549a30b8bfe843.png]
[secure.gravatar.com/images/3220011dcd1056d4e749a2991619d269e843.png]
[secure.gravatar.com/images/1fd2883f4fcc71b12218952c69d92d56e843.png]
[secure.gravatar.com/images/7042547a1484b943a7fc494a916040ffe843.png]
[secure.gravatar.com/images/825e773bdac8025c40d56a10e7ea3880e843.png]
[www.classcentral.com/index-9.html]
[www.classcentral.com/images/74324.json]
[www.classcentral.com/images/embedffd2.json]
[www.classcentral.com/images/embed598b]
[www.classcentral.com/images/google-certs.png]
[www.classcentral.com/images/google-certificate.png]
[www.classcentral.com/images/digital-garage-certificate-final.png]
[www.classcentral.com/images/skillshop-certificate.png]
[www.classcentral.com/images/google-developer-platform.png]
[www.classcentral.com/images/qwiklabs-badge.png]
[secure.gravatar.com/images/c4e6fb80cd8ac6eca47ea276b296b1eae843.jpeg]
[secure.gravatar.com/images/104c60c839d73b5f0566b03b6d545eb3e843.png]
[secure.gravatar.com/images/54bd740ec8400504e2b7adebea1c81d9e843.jpeg]
[secure.gravatar.com/images/8de727c107bc6a19995a5640424690bbe843.png]
[secure.gravatar.com/images/8ff02802c1c9f0f2689d2b2403605a14e843.png]
[secure.gravatar.com/images/a1d2bc17e6ceb1b01337a7d0e1a9ecdae843.jpeg]
[secure.gravatar.com/images/483c8befb85b7cf1c95e5815545eeca3e843.png]
[secure.gravatar.com/images/54d4214ad07c3438f8ee849e3776e6fee843.png]
[secure.gravatar.com/images/9d33201452bc0c65f93ee746ffd0da82e843.jpeg]
[secure.gravatar.com/images/c719a1d860094fed1a9b712d472cc6cde843.png]
[secure.gravatar.com/images/3dd595806e4b0f51fb5c3ec483402724e843.png]
[secure.gravatar.com/images/6c258650746360fc75bc336c214f2414e843.png]
[secure.gravatar.com/images/6349c8b579935fa8a4541beb630dd634e843.png]
[secure.gravatar.com/images/432f4eda882f0ff5c6e00e38a26ee6a1e843.png]
[secure.gravatar.com/images/cd506cd55442a0731fb26e986efaa89de843.png]
[secure.gravatar.com/images/9d844c228f6b0a1e666af17ae7fd8ebce843.png]
[secure.gravatar.com/images/a9dbac100b3910610ee78c426ac97bd6e843.png]
[secure.gravatar.com/images/7d06bba5d44a2b7ad255aea49d7a26fae843.png]
[secure.gravatar.com/images/637655b7d1199b065417c009af944315e843.png]
[secure.gravatar.com/images/1b8b7523d24d01b9e0d40b99b08cb46ae843.png]
[secure.gravatar.com/images/e6801568606d7262f9503bec5b1080fde843.png]
[www.classcentral.com/index-10.html]
[www.classcentral.com/march-2023.html]
[www.classcentral.com/starting-this-month4658.html]
[www.classcentral.com/images/collection-starting-mobile.png]
[d3f1iyfxxz8i1e.cloudfront.net/images/cea7ec804190.png]
[d3f1iyfxxz8i1e.cloudfront.net/images/2db52f4deb6f.png]
[d3f1iyfxxz8i1e.cloudfront.net/images/d89809f3c040.png]
[d3f1iyfxxz8i1e.cloudfront.net/images/448b390f9065.png]
[d3f1iyfxxz8i1e.cloudfront.net/images/d96be18bb8e3.png]
[d3f1iyfxxz8i1e.cloudfront.net/images/77a3ce6e2d8c.jpg]
[ccweb.imgix.net/images/asu-hz8e5d.png]
[d3f1iyfxxz8i1e.cloudfront.net/images/432cff5ff39d.jpg]
[d3f1iyfxxz8i1e.cloudfront.net/images/cd8b5553d147.jpg]
[ccweb.imgix.net/images/isb-hzddc5.png]
[d3f1iyfxxz8i1e.cloudfront.net/images/1d70a535c922.jpg]
[www.classcentral.com/starting-this-month.html]
[www.classcentral.com/february-20234658.html]
[www.classcentral.com/images/collection-new-mobile.png]
[d3f1iyfxxz8i1e.cloudfront.net/images/04709a98b017.jpg]
[d3f1iyfxxz8i1e.cloudfront.net/images/c652ece73ceb.png]
[d3f1iyfxxz8i1e.cloudfront.net/images/94390f7cad90.png]
[ccweb.imgix.net/images/cusystem-hzc91a.png]
[d3f1iyfxxz8i1e.cloudfront.net/images/f3bc78003b73.png]
[d3f1iyfxxz8i1e.cloudfront.net/images/0269be3fad02.png]
[d3f1iyfxxz8i1e.cloudfront.net/images/09ff5c676243.jpg]
[ccweb.imgix.net/images/imperial-hz8f4d.png]
[d3f1iyfxxz8i1e.cloudfront.net/images/c707ac961fca.png]
[d3f1iyfxxz8i1e.cloudfront.net/images/4ca7d605618d.jpg]
[d3f1iyfxxz8i1e.cloudfront.net/images/86aaa6e52168.jpg]
[d3f1iyfxxz8i1e.cloudfront.net/images/a064eff5defc.png]
[d3f1iyfxxz8i1e.cloudfront.net/images/3d8a052f5f3e.png]
[d3f1iyfxxz8i1e.cloudfront.net/images/e7106821ca0e.png]
[d3f1iyfxxz8i1e.cloudfront.net/images/c9453bf36b2c.png]
[d3f1iyfxxz8i1e.cloudfront.net/images/437f23846ab6.png]
[www.classcentral.com/february-2023.html]
[d3f1iyfxxz8i1e.cloudfront.net/images/a6fad1401c3a.png]
[www.classcentral.com/images/85347.json]
[www.classcentral.com/images/embed672a.json]
[www.classcentral.com/images/embed23b2]
[www.classcentral.com/images/cc-logo-navy-150x150.png]
[www.classcentral.com/index-11.html]
[www.classcentral.com/images/popular-courses.jpg]
[d3f1iyfxxz8i1e.cloudfront.net/images/8da0f22826d0.png]
[www.classcentral.com/ai4658.html]
[d3f1iyfxxz8i1e.cloudfront.net/images/573590c8ce78.png]
[ccweb.imgix.net/images/deeplearning-ai-hzb1cc.png]
[d3f1iyfxxz8i1e.cloudfront.net/images/48bacfb9f408.png]
[d3f1iyfxxz8i1e.cloudfront.net/images/9185116ab693.jpg]
[ccweb.imgix.net/images/ibm-hzf3d6.png]
[d3f1iyfxxz8i1e.cloudfront.net/images/2a7261d82273.png]
[d3f1iyfxxz8i1e.cloudfront.net/images/1b03947c6d56.jpg]
[d3f1iyfxxz8i1e.cloudfront.net/images/95ab4c62bdf9.png]
[d3f1iyfxxz8i1e.cloudfront.net/images/c2bfcd11973c.jpg]
[d3f1iyfxxz8i1e.cloudfront.net/images/a6eafd099008.jpg]
[d3f1iyfxxz8i1e.cloudfront.net/images/dcf8cb6b99ef.jpg]
[ccweb.imgix.net/images/uw-hza44e.png]
[d3f1iyfxxz8i1e.cloudfront.net/images/48073c114c8a.png]
[d3f1iyfxxz8i1e.cloudfront.net/images/9cd795a74458.jpg]
[d3f1iyfxxz8i1e.cloudfront.net/images/905e6fa03599.png]
[d3f1iyfxxz8i1e.cloudfront.net/images/ce4b3d20ba7b.jpg]
[ccweb.imgix.net/images/berkeley-hz7070.png]
[d3f1iyfxxz8i1e.cloudfront.net/images/f872a675632d.jpg]
[d3f1iyfxxz8i1e.cloudfront.net/images/a42b0b65a69d.png]
[d3f1iyfxxz8i1e.cloudfront.net/images/ca343dbbb709.png]
[d3f1iyfxxz8i1e.cloudfront.net/images/8ab4bef12d99.jpg]
[d3f1iyfxxz8i1e.cloudfront.net/images/a0ee397ae2bb.jpg]
[www.classcentral.com/ai.html]
[d3f1iyfxxz8i1e.cloudfront.net/images/ff9d8a0859a8.jpg]
[www.classcentral.com/algorithms-and-data-structures4658.html]
[d3f1iyfxxz8i1e.cloudfront.net/images/5b54bf551950.jpg]
[d3f1iyfxxz8i1e.cloudfront.net/images/766f9ced4951.jpg]
[d3f1iyfxxz8i1e.cloudfront.net/images/2b2244ee0ee1.jpg]
[d3f1iyfxxz8i1e.cloudfront.net/images/0d1c1b0235fc.png]
[d3f1iyfxxz8i1e.cloudfront.net/images/35bcbdb482fb.png]
[d3f1iyfxxz8i1e.cloudfront.net/images/89047de18888.jpg]
[d3f1iyfxxz8i1e.cloudfront.net/images/6eef85f8ae95.jpg]
[www.classcentral.com/images/algorithms-and-data-structures-banner.png]
[d3f1iyfxxz8i1e.cloudfront.net/images/db83c67bd81f.jpg]
[d3f1iyfxxz8i1e.cloudfront.net/images/d7855fb7dbf7.jpg]
[d3f1iyfxxz8i1e.cloudfront.net/images/76547cd72ea5.png]
[d3f1iyfxxz8i1e.cloudfront.net/images/96b800e98632.png]
[d3f1iyfxxz8i1e.cloudfront.net/images/0ff106f2e995.jpg]
[d3f1iyfxxz8i1e.cloudfront.net/images/6e23f2562884.png]
[d3f1iyfxxz8i1e.cloudfront.net/images/16abbd1b4935.png]
[d3f1iyfxxz8i1e.cloudfront.net/images/9c3f0d9e36e4.jpg]
[ccweb.imgix.net/images/illinois-hzf0d9.png]
[d3f1iyfxxz8i1e.cloudfront.net/images/cef9f5716338.png]
[d3f1iyfxxz8i1e.cloudfront.net/images/2ae83d131724.png]
[d3f1iyfxxz8i1e.cloudfront.net/images/ac545c77595f.jpg]
[d3f1iyfxxz8i1e.cloudfront.net/images/41cee18110ab.jpg]
[www.classcentral.com/algorithms-and-data-structures.html]
[www.classcentral.com/internet-of-things4658.html]
[d3f1iyfxxz8i1e.cloudfront.net/images/ea7677e2d988.jpg]
[d3f1iyfxxz8i1e.cloudfront.net/images/d84c342fc951.jpg]
[d3f1iyfxxz8i1e.cloudfront.net/images/4ea96bc26884.jpg]
[d3f1iyfxxz8i1e.cloudfront.net/images/97333997fbb4.jpg]
[d3f1iyfxxz8i1e.cloudfront.net/images/c2a6d320f19b.jpg]
[d3f1iyfxxz8i1e.cloudfront.net/images/abf07be39517.jpg]
[d3f1iyfxxz8i1e.cloudfront.net/images/b0aadd857372.jpg]
[ccweb.imgix.net/images/uci-hz5b29.png]
[d3f1iyfxxz8i1e.cloudfront.net/images/de3fed631806.jpg]
[d3f1iyfxxz8i1e.cloudfront.net/images/c1f72c4a62c9.jpg]
[d3f1iyfxxz8i1e.cloudfront.net/images/3acdaba35274.jpg]
[d3f1iyfxxz8i1e.cloudfront.net/images/04fc5e6c2929.jpg]
[d3f1iyfxxz8i1e.cloudfront.net/images/1da727a30e86.png]
[d3f1iyfxxz8i1e.cloudfront.net/images/ee684931a14d.jpg]
[d3f1iyfxxz8i1e.cloudfront.net/images/6175c463d83c.jpg]
[www.classcentral.com/internet-of-things.html]
[www.classcentral.com/information-technology.html]
[www.classcentral.com/computer-networking.html]
[www.classcentral.com/machine-learning.html]
[www.classcentral.com/devops.html]
[www.classcentral.com/deep-learning.html]
[d3f1iyfxxz8i1e.cloudfront.net/images/f8f930d9f49c.png]
[d3f1iyfxxz8i1e.cloudfront.net/images/982b25ab5aa9.png]
[www.classcentral.com/cryptography4658.html]
[d3f1iyfxxz8i1e.cloudfront.net/images/4fe4038c3515.jpg]
[d3f1iyfxxz8i1e.cloudfront.net/images/54ce583ffd72.jpg]
[d3f1iyfxxz8i1e.cloudfront.net/images/26888b48135d.jpg]
[d3f1iyfxxz8i1e.cloudfront.net/images/c10fb92b5c05.jpg]
[d3f1iyfxxz8i1e.cloudfront.net/images/47bc7db9e47f.png]
[d3f1iyfxxz8i1e.cloudfront.net/images/52c64934998a.jpg]
[d3f1iyfxxz8i1e.cloudfront.net/images/a350a105e9c4.png]
[d3f1iyfxxz8i1e.cloudfront.net/images/97cbe751eca1.jpg]
[d3f1iyfxxz8i1e.cloudfront.net/images/779a042a8314.jpg]
[d3f1iyfxxz8i1e.cloudfront.net/images/cd78e0b40ec0.jpg]
[d3f1iyfxxz8i1e.cloudfront.net/images/6764a79dcd91.png]
[www.classcentral.com/cryptography.html]
[d3f1iyfxxz8i1e.cloudfront.net/images/49cc9b3fbfa2.jpg]
[www.classcentral.com/quantum-computing4658.html]
[d3f1iyfxxz8i1e.cloudfront.net/images/a49447f392d4.jpg]
[d3f1iyfxxz8i1e.cloudfront.net/images/3c9e560d54a5.jpg]
[d3f1iyfxxz8i1e.cloudfront.net/images/51314a96a738.jpg]
[d3f1iyfxxz8i1e.cloudfront.net/images/db4e0d0f1723.jpg]
[d3f1iyfxxz8i1e.cloudfront.net/images/1dbb3e3aef6e.jpg]
[d3f1iyfxxz8i1e.cloudfront.net/images/a9a2ddf6844f.jpg]
[ccweb.imgix.net/images/microsoft-hzbd2d.png]
[d3f1iyfxxz8i1e.cloudfront.net/images/27a2fba7d75f.jpg]
[d3f1iyfxxz8i1e.cloudfront.net/images/e8be4fab786b.jpg]
[d3f1iyfxxz8i1e.cloudfront.net/images/943c041be648.jpg]
[d3f1iyfxxz8i1e.cloudfront.net/images/da48a0f9f774.jpg]
[d3f1iyfxxz8i1e.cloudfront.net/images/f8b6e00be4eb.jpg]
[ccweb.imgix.net/images/utoronto-hzdbde.png]
[d3f1iyfxxz8i1e.cloudfront.net/images/409f55f12f1c.png]
[ccweb.imgix.net/images/ubc-hzd1e6.png]
[d3f1iyfxxz8i1e.cloudfront.net/images/438efe702fc1.jpg]
[ccweb.imgix.net/images/delft-hz08d4.png]
[d3f1iyfxxz8i1e.cloudfront.net/images/b8b399cbb90b.png]
[www.classcentral.com/quantum-computing.html]
[d3f1iyfxxz8i1e.cloudfront.net/images/b7c42879e255.jpg]
[d3f1iyfxxz8i1e.cloudfront.net/images/92b9fd49b13d.jpg]
[d3f1iyfxxz8i1e.cloudfront.net/images/77a7a9c9a791.jpg]
[d3f1iyfxxz8i1e.cloudfront.net/images/5296194cd7be.jpg]
[d3f1iyfxxz8i1e.cloudfront.net/images/36b39b533a80.png]
[d3f1iyfxxz8i1e.cloudfront.net/images/94f5612cd40b.png]
[d3f1iyfxxz8i1e.cloudfront.net/images/4ef962216ded.png]
[d3f1iyfxxz8i1e.cloudfront.net/images/34bb58b5bbb2.png]
[d3f1iyfxxz8i1e.cloudfront.net/images/7c7405ff08e7.png]
[d3f1iyfxxz8i1e.cloudfront.net/images/1ee22756c1c5.png]
[d3f1iyfxxz8i1e.cloudfront.net/images/e5235a9608b9.jpg]
[ccweb.imgix.net/images/iit-guwahati-hze031.png]
[d3f1iyfxxz8i1e.cloudfront.net/images/344dac02bcb7.jpg]
[www.classcentral.com/hci.html]
[d3f1iyfxxz8i1e.cloudfront.net/images/eaf2cd459154.jpg]
[d3f1iyfxxz8i1e.cloudfront.net/images/3fc94988df6e.png]
[d3f1iyfxxz8i1e.cloudfront.net/images/ba7a8294fb90.jpg]
[d3f1iyfxxz8i1e.cloudfront.net/images/3a72dc37f074.png]
[ccweb.imgix.net/images/googlecloud-hzd3ab.png]
[d3f1iyfxxz8i1e.cloudfront.net/images/e08a25789d6f.png]
[d3f1iyfxxz8i1e.cloudfront.net/images/c16389498974.png]
[d3f1iyfxxz8i1e.cloudfront.net/images/f696b8d694a0.jpg]
[d3f1iyfxxz8i1e.cloudfront.net/images/d114603f6ae1.jpg]
[d3f1iyfxxz8i1e.cloudfront.net/images/76638214f7de.jpg]
[d3f1iyfxxz8i1e.cloudfront.net/images/eb0f014173dc.png]
[d3f1iyfxxz8i1e.cloudfront.net/images/4124e1fd0877.jpg]
[d3f1iyfxxz8i1e.cloudfront.net/images/4d582dc4039a.jpg]
[d3f1iyfxxz8i1e.cloudfront.net/images/9feb1a8b2cc7.jpg]
[d3f1iyfxxz8i1e.cloudfront.net/images/099967df34bb.png]
[ccweb.imgix.net/images/linuxfoundation-hzd665.png]
[ccweb.imgix.net/images/78ff14b675e4300a.svg]
[www.classcentral.com/distributed-systems.html]
[www.classcentral.com/blockchain.html]
[www.classcentral.com/operating-systems.html]
[d3f1iyfxxz8i1e.cloudfront.net/images/b20dcf31bde3.jpg]
[d3f1iyfxxz8i1e.cloudfront.net/images/b65326ce27f5.jpg]
[d3f1iyfxxz8i1e.cloudfront.net/images/8e7a0fb2d56a.jpg]
[ccweb.imgix.net/images/autodesk-hzcf4e.png]
[d3f1iyfxxz8i1e.cloudfront.net/images/3d728428bfea.jpg]
[d3f1iyfxxz8i1e.cloudfront.net/images/5d60b241acc7.png]
[d3f1iyfxxz8i1e.cloudfront.net/images/3428c9eecc35.png]
[d3f1iyfxxz8i1e.cloudfront.net/images/9aed124631d1.jpg]
[d3f1iyfxxz8i1e.cloudfront.net/images/5a1562dda7c4.jpg]
[d3f1iyfxxz8i1e.cloudfront.net/images/f64a2615b774.jpg]
[d3f1iyfxxz8i1e.cloudfront.net/images/61ae09c4de8c.jpg]
[ccweb.imgix.net/images/hqdefault6dfd.jpg]
[d3f1iyfxxz8i1e.cloudfront.net/images/1e986f111f22.jpg]
[d3f1iyfxxz8i1e.cloudfront.net/images/fc2ce028d883.jpg]
[www.classcentral.com/computer-graphics.html]
[www.classcentral.com/nutrition-and-wellness.html]
[www.classcentral.com/disease-and-disorders.html]
[d3f1iyfxxz8i1e.cloudfront.net/images/ea76f2022fc2.jpg]
[www.classcentral.com/public-health4658.html]
[d3f1iyfxxz8i1e.cloudfront.net/images/536fa1e26ca2.jpg]
[d3f1iyfxxz8i1e.cloudfront.net/images/9b43950e6e32.jpg]
[d3f1iyfxxz8i1e.cloudfront.net/images/1e87891e65b2.jpg]
[d3f1iyfxxz8i1e.cloudfront.net/images/dc803df83bcc.png]
[d3f1iyfxxz8i1e.cloudfront.net/images/e674f08c122b.jpg]
[d3f1iyfxxz8i1e.cloudfront.net/images/3a3b1274aa6c.png]
[d3f1iyfxxz8i1e.cloudfront.net/images/d34b2fbb6610.jpg]
[d3f1iyfxxz8i1e.cloudfront.net/images/21be8ebf4d94.png]
[d3f1iyfxxz8i1e.cloudfront.net/images/b58dfa193d4f.png]
[d3f1iyfxxz8i1e.cloudfront.net/images/df186f6fd742.png]
[d3f1iyfxxz8i1e.cloudfront.net/images/15d0205244cf.png]
[d3f1iyfxxz8i1e.cloudfront.net/images/9670f0a76754.jpg]
[d3f1iyfxxz8i1e.cloudfront.net/images/953c0e488b22.jpg]
[www.classcentral.com/public-health.html]
[www.classcentral.com/health-care.html]
[d3f1iyfxxz8i1e.cloudfront.net/images/14555be4bdae.png]
[d3f1iyfxxz8i1e.cloudfront.net/images/b80bdba4879f.jpg]
[www.classcentral.com/nursing4658.html]
[d3f1iyfxxz8i1e.cloudfront.net/images/19267f0275e7.jpg]
[d3f1iyfxxz8i1e.cloudfront.net/images/4445f7562dd9.png]
[d3f1iyfxxz8i1e.cloudfront.net/images/dfeddba6ebde.jpg]
[d3f1iyfxxz8i1e.cloudfront.net/images/4dc85cb03962.png]
[d3f1iyfxxz8i1e.cloudfront.net/images/1ea84bee76e7.jpg]
[d3f1iyfxxz8i1e.cloudfront.net/images/2f1f2c1ba699.png]
[d3f1iyfxxz8i1e.cloudfront.net/images/e564877d3b26.png]
[d3f1iyfxxz8i1e.cloudfront.net/images/89c0be39b3fa.png]
[d3f1iyfxxz8i1e.cloudfront.net/images/d8bd8cad7f15.png]
[d3f1iyfxxz8i1e.cloudfront.net/images/25f7090e88ee.png]
[d3f1iyfxxz8i1e.cloudfront.net/images/3708cd0f566c.png]
[d3f1iyfxxz8i1e.cloudfront.net/images/a97f04f964b4.jpg]
[ccweb.imgix.net/images/minnesota-hzeb68.png]
[d3f1iyfxxz8i1e.cloudfront.net/images/f7ab1f3330da.jpg]
[www.classcentral.com/nursing.html]
[www.classcentral.com/anatomy.html]
[www.classcentral.com/veterinary-science.html]
[www.classcentral.com/cme.html]
[www.classcentral.com/cme4658.html]
[d3f1iyfxxz8i1e.cloudfront.net/images/3426b612c61b.jpg]
[www.classcentral.com/statistics4658.html]
[d3f1iyfxxz8i1e.cloudfront.net/images/ec6fd64b3353.jpg]
[d3f1iyfxxz8i1e.cloudfront.net/images/3811b692eb4f.jpg]
[d3f1iyfxxz8i1e.cloudfront.net/images/6f2932ce8e5f.png]
[d3f1iyfxxz8i1e.cloudfront.net/images/863daef8dad9.jpg]
[d3f1iyfxxz8i1e.cloudfront.net/images/0630d9128f99.jpg]
[d3f1iyfxxz8i1e.cloudfront.net/images/4622b6e6929c.jpg]
[d3f1iyfxxz8i1e.cloudfront.net/images/af77f1161048.jpg]
[d3f1iyfxxz8i1e.cloudfront.net/images/7d7dc39a3cbb.jpg]
[d3f1iyfxxz8i1e.cloudfront.net/images/c8a1339c300f.jpg]
[www.classcentral.com/statistics.html]
[www.classcentral.com/foundations-of-mathematics.html]
[www.classcentral.com/calculus4658.html]
[d3f1iyfxxz8i1e.cloudfront.net/images/a51323e8c2fd.jpg]
[d3f1iyfxxz8i1e.cloudfront.net/images/3e6442a62e77.jpg]
[d3f1iyfxxz8i1e.cloudfront.net/images/4e04b044ce66.jpg]
[d3f1iyfxxz8i1e.cloudfront.net/images/767a05791688.jpg]
[d3f1iyfxxz8i1e.cloudfront.net/images/ea2e266743fb.jpg]
[d3f1iyfxxz8i1e.cloudfront.net/images/563207ae991d.jpg]
[d3f1iyfxxz8i1e.cloudfront.net/images/3416eff70bdb.jpg]
[d3f1iyfxxz8i1e.cloudfront.net/images/032cc40e1d86.jpg]
[d3f1iyfxxz8i1e.cloudfront.net/images/c7db0aa0832b.png]
[d3f1iyfxxz8i1e.cloudfront.net/images/21b31ddef142.jpg]
[www.classcentral.com/calculus.html]
[d3f1iyfxxz8i1e.cloudfront.net/images/6cfc038cff4c.jpg]
[d3f1iyfxxz8i1e.cloudfront.net/images/e66a9a642a0b.jpg]
[d3f1iyfxxz8i1e.cloudfront.net/images/9d24d539018f.png]
[d3f1iyfxxz8i1e.cloudfront.net/images/0bf52e64cc9d.jpg]
[d3f1iyfxxz8i1e.cloudfront.net/images/9a903649ee09.jpg]
[ccweb.imgix.net/images/nios-hzd226.png]
[d3f1iyfxxz8i1e.cloudfront.net/images/7f6dca93d5f1.jpg]
[d3f1iyfxxz8i1e.cloudfront.net/images/4fb65fa2e920.jpg]
[d3f1iyfxxz8i1e.cloudfront.net/images/1e790654111b.jpg]
[d3f1iyfxxz8i1e.cloudfront.net/images/59f1a0afbcc4.jpg]
[d3f1iyfxxz8i1e.cloudfront.net/images/137db2f05307.jpg]
[d3f1iyfxxz8i1e.cloudfront.net/images/ad7d4e0369ea.jpg]
[d3f1iyfxxz8i1e.cloudfront.net/images/a3ca201cd2d6.jpg]
[d3f1iyfxxz8i1e.cloudfront.net/images/cb22b1af4e48.png]
[d3f1iyfxxz8i1e.cloudfront.net/images/28052b3b74b7.jpg]
[ccweb.imgix.net/images/pku-hz6e1c.png]
[d3f1iyfxxz8i1e.cloudfront.net/images/66618160829f.jpg]
[d3f1iyfxxz8i1e.cloudfront.net/images/20e53cecb909.jpg]
[www.classcentral.com/discrete-mathematics.html]
[www.classcentral.com/trigonometry4658.html]
[d3f1iyfxxz8i1e.cloudfront.net/images/f3f7cd56e666.jpg]
[d3f1iyfxxz8i1e.cloudfront.net/images/d7d81d384ff4.jpg]
[d3f1iyfxxz8i1e.cloudfront.net/images/2cb7748b5bf8.jpg]
[d3f1iyfxxz8i1e.cloudfront.net/images/bd6b5fdd8d95.jpg]
[d3f1iyfxxz8i1e.cloudfront.net/images/0cfb47519c18.jpg]
[d3f1iyfxxz8i1e.cloudfront.net/images/b673722b4dc7.jpg]
[d3f1iyfxxz8i1e.cloudfront.net/images/cde9307d8a07.jpg]
[d3f1iyfxxz8i1e.cloudfront.net/images/232180658bc8.jpg]
[d3f1iyfxxz8i1e.cloudfront.net/images/804dd78024e1.jpg]
[d3f1iyfxxz8i1e.cloudfront.net/images/fa3a2225d156.jpg]
[d3f1iyfxxz8i1e.cloudfront.net/images/db6bc672d3a5.jpg]
[d3f1iyfxxz8i1e.cloudfront.net/images/29edd9383b9b.jpg]
[d3f1iyfxxz8i1e.cloudfront.net/images/0d793da73857.jpg]
[d3f1iyfxxz8i1e.cloudfront.net/images/33838d80718a.jpg]
[d3f1iyfxxz8i1e.cloudfront.net/images/35ee9b5bdfca.jpg]
[www.classcentral.com/trigonometry.html]
[www.classcentral.com/geometry4658.html]
[d3f1iyfxxz8i1e.cloudfront.net/images/2ef1a560d689.jpg]
[d3f1iyfxxz8i1e.cloudfront.net/images/70ecb93dccff.jpg]
[d3f1iyfxxz8i1e.cloudfront.net/images/8626ffad9312.jpg]
[d3f1iyfxxz8i1e.cloudfront.net/images/906ed4fd3a32.jpg]
[d3f1iyfxxz8i1e.cloudfront.net/images/b38cbe8a2f9f.jpg]
[d3f1iyfxxz8i1e.cloudfront.net/images/b9d6f3256c4c.jpg]
[d3f1iyfxxz8i1e.cloudfront.net/images/8aedf7024e83.jpg]
[d3f1iyfxxz8i1e.cloudfront.net/images/3c14371272e7.jpg]
[d3f1iyfxxz8i1e.cloudfront.net/images/c0d3a45b4894.jpg]
[d3f1iyfxxz8i1e.cloudfront.net/images/6ed1d993d4c2.jpg]
[d3f1iyfxxz8i1e.cloudfront.net/images/b565dd08f9b4.jpg]
[d3f1iyfxxz8i1e.cloudfront.net/images/94c36c2d6921.jpg]
[d3f1iyfxxz8i1e.cloudfront.net/images/25b8b586174d.jpg]
[d3f1iyfxxz8i1e.cloudfront.net/images/5ea27a16c86b.jpg]
[www.classcentral.com/geometry.html]
[d3f1iyfxxz8i1e.cloudfront.net/images/101b6d695e1b.jpg]
[www.classcentral.com/algebra4658.html]
[d3f1iyfxxz8i1e.cloudfront.net/images/67ffffa664b7.jpg]
[d3f1iyfxxz8i1e.cloudfront.net/images/3d9bd0e22f97.jpg]
[d3f1iyfxxz8i1e.cloudfront.net/images/b478c0b05249.png]
[d3f1iyfxxz8i1e.cloudfront.net/images/a91d5fbb0bd4.jpg]
[d3f1iyfxxz8i1e.cloudfront.net/images/343886d2da21.png]
[d3f1iyfxxz8i1e.cloudfront.net/images/e59311e8aec0.png]
[d3f1iyfxxz8i1e.cloudfront.net/images/3418edf75f46.jpg]
[d3f1iyfxxz8i1e.cloudfront.net/images/82ba9c7b3265.jpg]
[d3f1iyfxxz8i1e.cloudfront.net/images/26b6657d45d1.jpg]
[d3f1iyfxxz8i1e.cloudfront.net/images/e4295b1ea8d6.jpg]
[d3f1iyfxxz8i1e.cloudfront.net/images/5f36f1a34d43.jpg]
[ccweb.imgix.net/images/utexas-hz01bb.png]
[d3f1iyfxxz8i1e.cloudfront.net/images/a1a7023b037e.jpg]
[ccweb.imgix.net/images/boulder-hzf428.png]
[d3f1iyfxxz8i1e.cloudfront.net/images/4571af74981e.png]
[www.classcentral.com/algebra.html]
[www.classcentral.com/precalculus.html]
[d3f1iyfxxz8i1e.cloudfront.net/images/a58f884d44db.jpg]
[d3f1iyfxxz8i1e.cloudfront.net/images/6014c5181407.jpg]
[d3f1iyfxxz8i1e.cloudfront.net/images/b7f3f3ccad2d.jpg]
[d3f1iyfxxz8i1e.cloudfront.net/images/d411bf1e6fd3.jpg]
[d3f1iyfxxz8i1e.cloudfront.net/images/cb96d7e6d5f2.jpg]
[d3f1iyfxxz8i1e.cloudfront.net/images/6212ff7505bc.jpg]
[d3f1iyfxxz8i1e.cloudfront.net/images/d1fd8d0b49de.jpg]
[d3f1iyfxxz8i1e.cloudfront.net/images/faf29615fc06.jpg]
[d3f1iyfxxz8i1e.cloudfront.net/images/19772a6711b1.png]
[d3f1iyfxxz8i1e.cloudfront.net/images/c800c8d7fddc.png]
[ccweb.imgix.net/images/hse-hzbeff.png]
[d3f1iyfxxz8i1e.cloudfront.net/images/03166077185d.png]
[ccweb.imgix.net/images/hqdefault1da5.jpg]
[d3f1iyfxxz8i1e.cloudfront.net/images/a377a7624581.jpg]
[www.classcentral.com/number-theory.html]
[www.classcentral.com/combinatorics.html]
[www.classcentral.com/mathematical-logic.html]
[d3f1iyfxxz8i1e.cloudfront.net/images/506a780c4989.jpg]
[d3f1iyfxxz8i1e.cloudfront.net/images/04b03dacf430.jpg]
[d3f1iyfxxz8i1e.cloudfront.net/images/a26b546dc924.jpg]
[d3f1iyfxxz8i1e.cloudfront.net/images/281f4ca64247.jpg]
[d3f1iyfxxz8i1e.cloudfront.net/images/9554465bf008.png]
[d3f1iyfxxz8i1e.cloudfront.net/images/0494c3c9aed8.png]
[d3f1iyfxxz8i1e.cloudfront.net/images/6126409ee3ce.jpg]
[www.classcentral.com/linear-programming.html]
[d3f1iyfxxz8i1e.cloudfront.net/images/fe0cfb0a186c.jpg]
[www.classcentral.com/management-and-leadership4658.html]
[d3f1iyfxxz8i1e.cloudfront.net/images/82614fa3f03f.jpg]
[d3f1iyfxxz8i1e.cloudfront.net/images/2ea094730cfb.jpg]
[d3f1iyfxxz8i1e.cloudfront.net/images/9787e204a205.jpg]
[d3f1iyfxxz8i1e.cloudfront.net/images/c20b98a1d1a3.png]
[d3f1iyfxxz8i1e.cloudfront.net/images/23fec45ff8cc.png]
[d3f1iyfxxz8i1e.cloudfront.net/images/82dedab4955c.png]
[ccweb.imgix.net/images/ie-hze608.png]
[d3f1iyfxxz8i1e.cloudfront.net/images/19629d07035c.jpg]
[d3f1iyfxxz8i1e.cloudfront.net/images/fa29356b34c1.png]
[d3f1iyfxxz8i1e.cloudfront.net/images/c88be0ece3c0.jpg]
[d3f1iyfxxz8i1e.cloudfront.net/images/1b0f568e0fe4.jpg]
[d3f1iyfxxz8i1e.cloudfront.net/images/72ee8096a4a8.jpg]
[d3f1iyfxxz8i1e.cloudfront.net/images/6bd2950db6b0.jpg]
[d3f1iyfxxz8i1e.cloudfront.net/images/be91b1942cb9.jpg]
[ccweb.imgix.net/images/uva-hze9c0.png]
[d3f1iyfxxz8i1e.cloudfront.net/images/b1f5d20d23dd.jpg]
[www.classcentral.com/management-and-leadership.html]
[www.classcentral.com/finance.html]
[www.classcentral.com/entrepreneurship4658.html]
[d3f1iyfxxz8i1e.cloudfront.net/images/6e68c356f949.jpg]
[d3f1iyfxxz8i1e.cloudfront.net/images/c63078580bbc.jpg]
[d3f1iyfxxz8i1e.cloudfront.net/images/a18e13ba0398.png]
[d3f1iyfxxz8i1e.cloudfront.net/images/53d2597a5d95.png]
[d3f1iyfxxz8i1e.cloudfront.net/images/f50af24017fe.png]
[d3f1iyfxxz8i1e.cloudfront.net/images/5187f7109a81.jpg]
[d3f1iyfxxz8i1e.cloudfront.net/images/01ec28e8b0f7.jpg]
[d3f1iyfxxz8i1e.cloudfront.net/images/f088bfec6fcf.jpg]
[d3f1iyfxxz8i1e.cloudfront.net/images/95bef7d84b52.jpg]
[d3f1iyfxxz8i1e.cloudfront.net/images/a4246a935e79.png]
[d3f1iyfxxz8i1e.cloudfront.net/images/f95b51819f8f.jpg]
[d3f1iyfxxz8i1e.cloudfront.net/images/62f7cc8d287b.jpg]
[d3f1iyfxxz8i1e.cloudfront.net/images/73783cceb7cd.jpg]
[d3f1iyfxxz8i1e.cloudfront.net/images/12b286c77823.jpg]
[www.classcentral.com/entrepreneurship.html]
[d3f1iyfxxz8i1e.cloudfront.net/images/d64c9db66def.jpg]
[www.classcentral.com/marketing4658.html]
[d3f1iyfxxz8i1e.cloudfront.net/images/a6e06037210f.png]
[d3f1iyfxxz8i1e.cloudfront.net/images/4777c75f18e2.png]
[d3f1iyfxxz8i1e.cloudfront.net/images/528ab2a1e81d.png]
[d3f1iyfxxz8i1e.cloudfront.net/images/62d067167872.jpg]
[d3f1iyfxxz8i1e.cloudfront.net/images/c90117dea666.png]
[d3f1iyfxxz8i1e.cloudfront.net/images/48c553b35cdc.png]
[d3f1iyfxxz8i1e.cloudfront.net/images/b1cc18a93f8f.jpg]
[d3f1iyfxxz8i1e.cloudfront.net/images/9c13e5ddf8fa.png]
[ccweb.imgix.net/images/hqdefault3e90.jpg]
[d3f1iyfxxz8i1e.cloudfront.net/images/9a5bbb84a6aa.png]
[d3f1iyfxxz8i1e.cloudfront.net/images/bdefc5b26fce.jpg]
[d3f1iyfxxz8i1e.cloudfront.net/images/31da96cdd99b.jpg]
[d3f1iyfxxz8i1e.cloudfront.net/images/33ce07af1dd7.jpg]
[d3f1iyfxxz8i1e.cloudfront.net/images/9add02e5368f.png]
[ccweb.imgix.net/images/northwestern-hzba66.png]
[www.classcentral.com/marketing.html]
[www.classcentral.com/strategic-management.html]
[www.classcentral.com/industry-specific.html]
[www.classcentral.com/business-intelligence4658.html]
[d3f1iyfxxz8i1e.cloudfront.net/images/d5ae05801456.jpg]
[d3f1iyfxxz8i1e.cloudfront.net/images/d4ed3a5ee9a2.png]
[d3f1iyfxxz8i1e.cloudfront.net/images/ad00d3bebd6b.png]
[d3f1iyfxxz8i1e.cloudfront.net/images/630a20fa91cc.jpg]
[d3f1iyfxxz8i1e.cloudfront.net/images/5c93aba2e18b.jpg]
[d3f1iyfxxz8i1e.cloudfront.net/images/3de31aea0406.jpg]
[d3f1iyfxxz8i1e.cloudfront.net/images/2a7c83638254.png]
[d3f1iyfxxz8i1e.cloudfront.net/images/8bb4af108825.png]
[d3f1iyfxxz8i1e.cloudfront.net/images/6b14c7509f1b.png]
[d3f1iyfxxz8i1e.cloudfront.net/images/d34a7a328684.jpg]
[d3f1iyfxxz8i1e.cloudfront.net/images/f51db617c5a3.png]
[d3f1iyfxxz8i1e.cloudfront.net/images/42bf6791008c.png]
[d3f1iyfxxz8i1e.cloudfront.net/images/8cd1b072c6d0.png]
[www.classcentral.com/business-intelligence.html]
[www.classcentral.com/accounting.html]
[www.classcentral.com/human-resources.html]
[d3f1iyfxxz8i1e.cloudfront.net/images/c8d0ba24895e.png]
[d3f1iyfxxz8i1e.cloudfront.net/images/461e49140288.jpg]
[www.classcentral.com/project-management4658.html]
[d3f1iyfxxz8i1e.cloudfront.net/images/73059d528602.jpg]
[d3f1iyfxxz8i1e.cloudfront.net/images/c4e77100bcb1.jpg]
[d3f1iyfxxz8i1e.cloudfront.net/images/83dff96e4b58.jpg]
[d3f1iyfxxz8i1e.cloudfront.net/images/2908c93f7e64.jpg]
[d3f1iyfxxz8i1e.cloudfront.net/images/46f426204895.jpg]
[d3f1iyfxxz8i1e.cloudfront.net/images/196916645613.jpg]
[www.classcentral.com/project-management.html]
[d3f1iyfxxz8i1e.cloudfront.net/images/249a30e46ac9.jpg]
[www.classcentral.com/sales4658.html]
[d3f1iyfxxz8i1e.cloudfront.net/images/1fa022b4ce5c.png]
[d3f1iyfxxz8i1e.cloudfront.net/images/440eb20601bb.jpg]
[d3f1iyfxxz8i1e.cloudfront.net/images/a8c726e3da29.jpg]
[d3f1iyfxxz8i1e.cloudfront.net/images/79dce8e585fa.jpg]
[d3f1iyfxxz8i1e.cloudfront.net/images/8fb8e586743d.jpg]
[ccweb.imgix.net/images/fia-hzd4e2.png]
[d3f1iyfxxz8i1e.cloudfront.net/images/4d0e5a4b5379.png]
[d3f1iyfxxz8i1e.cloudfront.net/images/280d8ffb0ecb.jpg]
[d3f1iyfxxz8i1e.cloudfront.net/images/a95ceaea0fb5.jpg]
[d3f1iyfxxz8i1e.cloudfront.net/images/1f65e4cf3773.jpg]
[d3f1iyfxxz8i1e.cloudfront.net/images/c1d39b09d6b0.png]
[d3f1iyfxxz8i1e.cloudfront.net/images/820a498e880d.png]
[d3f1iyfxxz8i1e.cloudfront.net/images/0155c3a43534.jpg]
[d3f1iyfxxz8i1e.cloudfront.net/images/8c2046512164.jpg]
[d3f1iyfxxz8i1e.cloudfront.net/images/e351952a450e.jpg]
[d3f1iyfxxz8i1e.cloudfront.net/images/73331e9cc165.jpg]
[www.classcentral.com/sales.html]
[www.classcentral.com/design-thinking.html]
[d3f1iyfxxz8i1e.cloudfront.net/images/4fb00d2cb8eb.jpg]
[www.classcentral.com/business-software4658.html]
[d3f1iyfxxz8i1e.cloudfront.net/images/f67861588912.png]
[ccweb.imgix.net/images/tomsk-state-hz377f.png]
[d3f1iyfxxz8i1e.cloudfront.net/images/124b3dc9283e.jpg]
[d3f1iyfxxz8i1e.cloudfront.net/images/5c8afc0e2bd5.jpg]
[d3f1iyfxxz8i1e.cloudfront.net/images/bc2ed588310e.png]
[d3f1iyfxxz8i1e.cloudfront.net/images/421968eea2ba.jpg]
[d3f1iyfxxz8i1e.cloudfront.net/images/9fc1c330ac95.jpg]
[d3f1iyfxxz8i1e.cloudfront.net/images/e1eee38af043.png]
[d3f1iyfxxz8i1e.cloudfront.net/images/b38e0af9dc0c.jpg]
[d3f1iyfxxz8i1e.cloudfront.net/images/2a4d8c415044.png]
[d3f1iyfxxz8i1e.cloudfront.net/images/8ff391167f5c.jpg]
[ccweb.imgix.net/images/macquarie-hz91a4.png]
[d3f1iyfxxz8i1e.cloudfront.net/images/c4741df8aba3.jpg]
[d3f1iyfxxz8i1e.cloudfront.net/images/5686be38e731.jpg]
[www.classcentral.com/business-software.html]
[www.classcentral.com/risk-management4658.html]
[d3f1iyfxxz8i1e.cloudfront.net/images/9a90bdd8e410.jpg]
[d3f1iyfxxz8i1e.cloudfront.net/images/27586e4b29ce.jpg]
[d3f1iyfxxz8i1e.cloudfront.net/images/77fcf24c4bdb.png]
[d3f1iyfxxz8i1e.cloudfront.net/images/911d4a878c3e.png]
[d3f1iyfxxz8i1e.cloudfront.net/images/13fcb37150c2.jpg]
[d3f1iyfxxz8i1e.cloudfront.net/images/3fabe3d2d83d.jpg]
[d3f1iyfxxz8i1e.cloudfront.net/images/c66b23b61180.jpg]
[d3f1iyfxxz8i1e.cloudfront.net/images/91397d350c75.jpg]
[ccweb.imgix.net/images/unige-hz1d64.png]
[d3f1iyfxxz8i1e.cloudfront.net/images/965c58d5704e.png]
[d3f1iyfxxz8i1e.cloudfront.net/images/1596528ef939.jpg]
[d3f1iyfxxz8i1e.cloudfront.net/images/2a06504e49a6.jpg]
[d3f1iyfxxz8i1e.cloudfront.net/images/51e89e860a2d.png]
[d3f1iyfxxz8i1e.cloudfront.net/images/1d5bcd0d08ae.jpg]
[ccweb.imgix.net/images/usg-hz5bf0.png]
[d3f1iyfxxz8i1e.cloudfront.net/images/6de57ca87cd5.png]
[d3f1iyfxxz8i1e.cloudfront.net/images/2c0474efed37.png]
[www.classcentral.com/risk-management.html]
[www.classcentral.com/csr.html]
[www.classcentral.com/customer-service.html]
[ccweb.imgix.net/images/nyif-hz3d61.png]
[d3f1iyfxxz8i1e.cloudfront.net/images/96b36ba912f9.png]
[d3f1iyfxxz8i1e.cloudfront.net/images/b39f580f228c.jpg]
[ccweb.imgix.net/images/suny-hz8c1b.png]
[ccweb.imgix.net/images/hqdefault4574.jpg]
[ccweb.imgix.net/images/philanthropy-university-hzb10e.png]
[d3f1iyfxxz8i1e.cloudfront.net/images/0ecdc6e12fe7.jpg]
[d3f1iyfxxz8i1e.cloudfront.net/images/fb3abb57b909.jpg]
[d3f1iyfxxz8i1e.cloudfront.net/images/f95d9a2ceb0f.jpg]
[d3f1iyfxxz8i1e.cloudfront.net/images/1a428100ccc3.jpg]
[d3f1iyfxxz8i1e.cloudfront.net/images/8377f467f04c.jpg]
[d3f1iyfxxz8i1e.cloudfront.net/images/227ba06418e2.jpg]
[d3f1iyfxxz8i1e.cloudfront.net/images/aa3ca35f87ba.jpg]
[d3f1iyfxxz8i1e.cloudfront.net/images/37c66fa25dff.jpg]
[d3f1iyfxxz8i1e.cloudfront.net/images/4b261cda6097.jpg]
[d3f1iyfxxz8i1e.cloudfront.net/images/d18af3621597.jpg]
[d3f1iyfxxz8i1e.cloudfront.net/images/f4239e1d248c.jpg]
[www.classcentral.com/nonprofit.html]
[www.classcentral.com/innovation.html]
[d3f1iyfxxz8i1e.cloudfront.net/images/fdf9cf6fb01d.jpg]
[www.classcentral.com/operations-management4658.html]
[d3f1iyfxxz8i1e.cloudfront.net/images/31ff2b854875.jpg]
[d3f1iyfxxz8i1e.cloudfront.net/images/22976aade747.png]
[d3f1iyfxxz8i1e.cloudfront.net/images/ecb4b0b2d396.jpg]
[d3f1iyfxxz8i1e.cloudfront.net/images/953f6c9fa67f.png]
[d3f1iyfxxz8i1e.cloudfront.net/images/20ff36caafc7.jpg]
[d3f1iyfxxz8i1e.cloudfront.net/images/c7f48b39bdcc.png]
[d3f1iyfxxz8i1e.cloudfront.net/images/c42fda927c1a.jpg]
[d3f1iyfxxz8i1e.cloudfront.net/images/22c1ba10217f.jpg]
[d3f1iyfxxz8i1e.cloudfront.net/images/3f5b077da76d.jpg]
[d3f1iyfxxz8i1e.cloudfront.net/images/61807c7eb8fe.jpg]
[d3f1iyfxxz8i1e.cloudfront.net/images/35fbb67267cb.jpg]
[d3f1iyfxxz8i1e.cloudfront.net/images/01d3d2c082e7.png]
[d3f1iyfxxz8i1e.cloudfront.net/images/4c16d0d89c37.png]
[d3f1iyfxxz8i1e.cloudfront.net/images/44277e7d7be3.jpg]
[www.classcentral.com/operations-management.html]
[d3f1iyfxxz8i1e.cloudfront.net/images/c38c962d08f1.jpg]
[www.classcentral.com/history4658.html]
[d3f1iyfxxz8i1e.cloudfront.net/images/13088953126f.jpg]
[d3f1iyfxxz8i1e.cloudfront.net/images/b3d0c18a58f1.jpg]
[d3f1iyfxxz8i1e.cloudfront.net/images/58d676fae966.png]
[d3f1iyfxxz8i1e.cloudfront.net/images/d20d6e87942f.jpg]
[d3f1iyfxxz8i1e.cloudfront.net/images/8a0c42a81f5a.jpg]
[ccweb.imgix.net/images/reading-hz4b56.png]
[d3f1iyfxxz8i1e.cloudfront.net/images/7286bd8e383d.jpg]
[d3f1iyfxxz8i1e.cloudfront.net/images/aef6db5a7dd9.jpg]
[d3f1iyfxxz8i1e.cloudfront.net/images/2a1dcffc0216.jpg]
[d3f1iyfxxz8i1e.cloudfront.net/images/c21dce2fe83a.jpg]
[d3f1iyfxxz8i1e.cloudfront.net/images/dbb0ce63f720.jpg]
[d3f1iyfxxz8i1e.cloudfront.net/images/9acab254e3fe.jpg]
[d3f1iyfxxz8i1e.cloudfront.net/images/b350dfdd8642.png]
[d3f1iyfxxz8i1e.cloudfront.net/images/f40a863fb906.jpg]
[d3f1iyfxxz8i1e.cloudfront.net/images/98740e47d312.jpg]
[www.classcentral.com/history.html]
[d3f1iyfxxz8i1e.cloudfront.net/images/70f1d210bbce.jpg]
[www.classcentral.com/literature.html]
[www.classcentral.com/language-learning.html]
[www.classcentral.com/images/english-grammar-bcg-banner.png]
[d3f1iyfxxz8i1e.cloudfront.net/images/b345a7ea1e71.jpg]
[www.classcentral.com/grammar-writing4658.html]
[d3f1iyfxxz8i1e.cloudfront.net/images/d5739d37b8d2.jpg]
[d3f1iyfxxz8i1e.cloudfront.net/images/c9e382f46c34.jpg]
[d3f1iyfxxz8i1e.cloudfront.net/images/24cbf641ffff.jpg]
[d3f1iyfxxz8i1e.cloudfront.net/images/7fe579467071.jpg]
[d3f1iyfxxz8i1e.cloudfront.net/images/77314894afec.jpg]
[d3f1iyfxxz8i1e.cloudfront.net/images/e4063ae2464c.jpg]
[d3f1iyfxxz8i1e.cloudfront.net/images/59a87c3084f5.png]
[d3f1iyfxxz8i1e.cloudfront.net/images/56538a0a7630.jpg]
[d3f1iyfxxz8i1e.cloudfront.net/images/e9abe17eb707.jpg]
[d3f1iyfxxz8i1e.cloudfront.net/images/c1ca804e9b0a.jpg]
[d3f1iyfxxz8i1e.cloudfront.net/images/15805e37aad7.jpg]
[d3f1iyfxxz8i1e.cloudfront.net/images/c23c02cc49ef.jpg]
[ccweb.imgix.net/images/uq-hzf595.png]
[d3f1iyfxxz8i1e.cloudfront.net/images/0ac4b77d10bd.jpg]
[d3f1iyfxxz8i1e.cloudfront.net/images/cce21d5fd398.jpg]
[d3f1iyfxxz8i1e.cloudfront.net/images/8f303e9c6d31.png]
[d3f1iyfxxz8i1e.cloudfront.net/images/c93d700e4769.jpg]
[d3f1iyfxxz8i1e.cloudfront.net/images/f64eb7941e3c.jpg]
[d3f1iyfxxz8i1e.cloudfront.net/images/7168cec01589.png]
[d3f1iyfxxz8i1e.cloudfront.net/images/726d9dc3b49e.png]
[d3f1iyfxxz8i1e.cloudfront.net/images/2a2fdfe68944.jpg]
[d3f1iyfxxz8i1e.cloudfront.net/images/6f026619bcc1.jpg]
[d3f1iyfxxz8i1e.cloudfront.net/images/e8c9a10fd455.jpg]
[www.classcentral.com/grammar-writing.html]
[www.classcentral.com/philosophy.html]
[d3f1iyfxxz8i1e.cloudfront.net/images/b7565d3c775c.jpg]
[www.classcentral.com/religion4658.html]
[ccweb.imgix.net/images/emory-hzcea4.png]
[d3f1iyfxxz8i1e.cloudfront.net/images/d1c9b85d46ac.jpg]
[d3f1iyfxxz8i1e.cloudfront.net/images/2e20b77fe740.jpg]
[d3f1iyfxxz8i1e.cloudfront.net/images/5c4b8f545532.png]
[d3f1iyfxxz8i1e.cloudfront.net/images/647fa43462f4.jpg]
[d3f1iyfxxz8i1e.cloudfront.net/images/a0b160d5db3d.jpg]
[d3f1iyfxxz8i1e.cloudfront.net/images/5915c1aa32a8.jpg]
[d3f1iyfxxz8i1e.cloudfront.net/images/b04632023972.jpg]
[d3f1iyfxxz8i1e.cloudfront.net/images/104bfb35f904.jpg]
[d3f1iyfxxz8i1e.cloudfront.net/images/186291e8403a.jpg]
[d3f1iyfxxz8i1e.cloudfront.net/images/8fab9ad6b3b2.jpg]
[d3f1iyfxxz8i1e.cloudfront.net/images/0cd1f37af9eb.jpg]
[d3f1iyfxxz8i1e.cloudfront.net/images/ec73360d6799.jpg]
[d3f1iyfxxz8i1e.cloudfront.net/images/09110b86b62e.jpg]
[www.classcentral.com/religion.html]
[www.classcentral.com/esl.html]
[www.classcentral.com/culture4658.html]
[d3f1iyfxxz8i1e.cloudfront.net/images/414de7002af6.jpg]
[d3f1iyfxxz8i1e.cloudfront.net/images/aa9b95af9ed1.jpg]
[d3f1iyfxxz8i1e.cloudfront.net/images/8652112bd0a4.jpg]
[d3f1iyfxxz8i1e.cloudfront.net/images/e7380888c265.png]
[d3f1iyfxxz8i1e.cloudfront.net/images/bdbd4863ef06.jpg]
[d3f1iyfxxz8i1e.cloudfront.net/images/3b8e3a9bbcd3.jpg]
[d3f1iyfxxz8i1e.cloudfront.net/images/9a46aa85b05a.jpg]
[d3f1iyfxxz8i1e.cloudfront.net/images/12917c132f0f.jpg]
[d3f1iyfxxz8i1e.cloudfront.net/images/89f7fa7f82eb.jpg]
[d3f1iyfxxz8i1e.cloudfront.net/images/706ecf99ead0.jpg]
[d3f1iyfxxz8i1e.cloudfront.net/images/4a1b8e2edc89.jpg]
[d3f1iyfxxz8i1e.cloudfront.net/images/7301f1788264.jpg]
[d3f1iyfxxz8i1e.cloudfront.net/images/aa4d765f0945.jpg]
[www.classcentral.com/culture.html]
[d3f1iyfxxz8i1e.cloudfront.net/images/0fbd0b4ef793.jpg]
[www.classcentral.com/sports.html]
[www.classcentral.com/journalism.html]
[d3f1iyfxxz8i1e.cloudfront.net/images/895f36ffce43.jpg]
[www.classcentral.com/ethics4658.html]
[ccweb.imgix.net/images/ignou-hzeb5c.png]
[d3f1iyfxxz8i1e.cloudfront.net/images/45eeb93550b4.jpg]
[d3f1iyfxxz8i1e.cloudfront.net/images/8ca7849af31d.jpg]
[d3f1iyfxxz8i1e.cloudfront.net/images/6070e6da4e56.jpg]
[d3f1iyfxxz8i1e.cloudfront.net/images/b16ea265c62c.jpg]
[d3f1iyfxxz8i1e.cloudfront.net/images/6dfad90f0845.jpg]
[d3f1iyfxxz8i1e.cloudfront.net/images/5944fa04a829.png]
[d3f1iyfxxz8i1e.cloudfront.net/images/024d3458d87e.png]
[d3f1iyfxxz8i1e.cloudfront.net/images/1594d30f194a.png]
[d3f1iyfxxz8i1e.cloudfront.net/images/e0521d0f6e12.jpg]
[ccweb.imgix.net/images/mst-hzd1bf.png]
[d3f1iyfxxz8i1e.cloudfront.net/images/7bdd5a1c817a.jpg]
[d3f1iyfxxz8i1e.cloudfront.net/images/2d763e1a280d.jpg]
[d3f1iyfxxz8i1e.cloudfront.net/images/18d29b5630aa.png]
[d3f1iyfxxz8i1e.cloudfront.net/images/1712aa31c864.png]
[www.classcentral.com/ethics.html]
[d3f1iyfxxz8i1e.cloudfront.net/images/179dd01a0071.jpg]
[www.classcentral.com/linguistics4658.html]
[d3f1iyfxxz8i1e.cloudfront.net/images/b3f256fcd7fb.jpg]
[d3f1iyfxxz8i1e.cloudfront.net/images/5d991607135e.png]
[ccweb.imgix.net/images/uab-hzbd4e.png]
[d3f1iyfxxz8i1e.cloudfront.net/images/9cdd52367c58.jpg]
[d3f1iyfxxz8i1e.cloudfront.net/images/ba514f213f9d.jpg]
[d3f1iyfxxz8i1e.cloudfront.net/images/4f6687dfab33.jpg]
[d3f1iyfxxz8i1e.cloudfront.net/images/217564f020bb.jpg]
[d3f1iyfxxz8i1e.cloudfront.net/images/34a93560ea60.jpg]
[d3f1iyfxxz8i1e.cloudfront.net/images/b941c4d7b892.jpg]
[d3f1iyfxxz8i1e.cloudfront.net/images/9b5bf47a3649.jpg]
[d3f1iyfxxz8i1e.cloudfront.net/images/82de6e5111f2.jpg]
[d3f1iyfxxz8i1e.cloudfront.net/images/6966e1681877.jpg]
[d3f1iyfxxz8i1e.cloudfront.net/images/b7f7b86ffe7f.png]
[d3f1iyfxxz8i1e.cloudfront.net/images/631e6b308eb5.jpg]
[d3f1iyfxxz8i1e.cloudfront.net/images/0b2928cd9a4f.jpg]
[d3f1iyfxxz8i1e.cloudfront.net/images/3d73d9dc1a8d.jpg]
[www.classcentral.com/linguistics.html]
[www.classcentral.com/food.html]
[www.classcentral.com/library-science.html]
[www.classcentral.com/reading.html]
[d3f1iyfxxz8i1e.cloudfront.net/images/93d640399678.jpg]
[d3f1iyfxxz8i1e.cloudfront.net/images/569c3c56cd14.jpg]
[d3f1iyfxxz8i1e.cloudfront.net/images/a7c646233200.jpg]
[ccweb.imgix.net/images/deakin-hz9e5a.png]
[d3f1iyfxxz8i1e.cloudfront.net/images/2fa8b5a57b8b.jpg]
[d3f1iyfxxz8i1e.cloudfront.net/images/d92998283587.png]
[d3f1iyfxxz8i1e.cloudfront.net/images/6afa98411358.jpg]
[d3f1iyfxxz8i1e.cloudfront.net/images/213d146121e0.jpg]
[d3f1iyfxxz8i1e.cloudfront.net/images/4d0bb01e366e.jpg]
[d3f1iyfxxz8i1e.cloudfront.net/images/24953882382b.jpg]
[ccweb.imgix.net/images/coventry-hz9fc6.png]
[d3f1iyfxxz8i1e.cloudfront.net/images/56781ca8a5d4.jpg]
[d3f1iyfxxz8i1e.cloudfront.net/images/cb94e0dc9340.jpg]
[d3f1iyfxxz8i1e.cloudfront.net/images/c33feae5507f.jpg]
[d3f1iyfxxz8i1e.cloudfront.net/images/b6c09f8e453a.jpg]
[www.classcentral.com/crisis-management.html]
[www.classcentral.com/electrical-engineering.html]
[www.classcentral.com/mechanical-engineering.html]
[www.classcentral.com/civil-engineering4658.html]
[d3f1iyfxxz8i1e.cloudfront.net/images/116fde7042b7.jpg]
[d3f1iyfxxz8i1e.cloudfront.net/images/ffecbbcb8901.jpg]
[d3f1iyfxxz8i1e.cloudfront.net/images/40d204e66f6c.jpg]
[d3f1iyfxxz8i1e.cloudfront.net/images/e511ae88a13d.jpg]
[d3f1iyfxxz8i1e.cloudfront.net/images/ab413370e83b.jpg]
[d3f1iyfxxz8i1e.cloudfront.net/images/830b88198c84.jpg]
[d3f1iyfxxz8i1e.cloudfront.net/images/01dc3cecf1ea.jpg]
[d3f1iyfxxz8i1e.cloudfront.net/images/573ef1d75005.png]
[d3f1iyfxxz8i1e.cloudfront.net/images/accecb6dc3a7.jpg]
[d3f1iyfxxz8i1e.cloudfront.net/images/7c192b45f26b.png]
[ccweb.imgix.net/images/taiwan-hz7959.png]
[d3f1iyfxxz8i1e.cloudfront.net/images/5ad286b5b294.png]
[ccweb.imgix.net/images/dartmouth-hz9aca.png]
[d3f1iyfxxz8i1e.cloudfront.net/images/0077b22e6896.png]
[www.classcentral.com/civil-engineering.html]
[d3f1iyfxxz8i1e.cloudfront.net/images/e4cc042106b6.png]
[www.classcentral.com/robotics4658.html]
[d3f1iyfxxz8i1e.cloudfront.net/images/bab2361347e9.jpg]
[d3f1iyfxxz8i1e.cloudfront.net/images/b375d3182e12.jpg]
[d3f1iyfxxz8i1e.cloudfront.net/images/9d44b05877a2.png]
[d3f1iyfxxz8i1e.cloudfront.net/images/3507cab916b0.png]
[d3f1iyfxxz8i1e.cloudfront.net/images/d457c8c5b6f5.jpg]
[d3f1iyfxxz8i1e.cloudfront.net/images/c9efc82851a3.jpg]
[d3f1iyfxxz8i1e.cloudfront.net/images/9c1f47dd74ca.jpg]
[d3f1iyfxxz8i1e.cloudfront.net/images/ebfd7f721d6c.png]
[d3f1iyfxxz8i1e.cloudfront.net/images/0fd4ceddd9ad.png]
[d3f1iyfxxz8i1e.cloudfront.net/images/5281fd59774d.jpg]
[ccweb.imgix.net/images/hqdefault7b6c.jpg]
[www.classcentral.com/robotics.html]
[d3f1iyfxxz8i1e.cloudfront.net/images/72e0df943066.jpg]
[www.classcentral.com/nanotechnology.html]
[www.classcentral.com/gis.html]
[d3f1iyfxxz8i1e.cloudfront.net/images/c39a1f78c0cc.jpg]
[d3f1iyfxxz8i1e.cloudfront.net/images/af1bb5458edf.jpg]
[d3f1iyfxxz8i1e.cloudfront.net/images/19180bf869fe.jpg]
[d3f1iyfxxz8i1e.cloudfront.net/images/9581fb509d6d.jpg]
[d3f1iyfxxz8i1e.cloudfront.net/images/508792b866c7.jpg]
[ccweb.imgix.net/images/smithsonian-hze0ae.png]
[d3f1iyfxxz8i1e.cloudfront.net/images/79cd5a8cf189.jpg]
[d3f1iyfxxz8i1e.cloudfront.net/images/36c324cbf66f.png]
[d3f1iyfxxz8i1e.cloudfront.net/images/bb75cfe13a05.jpg]
[d3f1iyfxxz8i1e.cloudfront.net/images/17cc8151aa7c.jpg]
[d3f1iyfxxz8i1e.cloudfront.net/images/e8283ae52a8e.jpg]
[d3f1iyfxxz8i1e.cloudfront.net/images/e3a95f1dcb0c.jpg]
[d3f1iyfxxz8i1e.cloudfront.net/images/b8dcd13261f6.jpg]
[d3f1iyfxxz8i1e.cloudfront.net/images/868b1cb3ccae.jpg]
[d3f1iyfxxz8i1e.cloudfront.net/images/132747cf4e72.jpg]
[d3f1iyfxxz8i1e.cloudfront.net/images/cfc37b347aae.jpg]
[www.classcentral.com/textiles.html]
[www.classcentral.com/manufacturing.html]
[www.classcentral.com/bim.html]
[d3f1iyfxxz8i1e.cloudfront.net/images/f7e67a3b359b.png]
[www.classcentral.com/cad4658.html]
[d3f1iyfxxz8i1e.cloudfront.net/images/198101c3b27f.jpg]
